[0605/045323.964:INFO:CONSOLE(7)] "THREE.ColladaLoader: File version 1.4.0", source: file:///C:/Program%20Files/AnyLogic%208.9%20Personal%20Learning%20Edition/plugins/com.anylogic.graphics3d_8.9.8.202602271015/static/init.js (7)
[0605/045323.971:INFO:CONSOLE(13)] "Loaded: file:C:/Users/zacwy/Downloads/HTX_Technical_Test/SETUP_1/3d/detector.dae", source: file:///C:/Program%20Files/AnyLogic%208.9%20Personal%20Learning%20Edition/plugins/com.anylogic.graphics3d_8.9.8.202602271015/static/init.js (13)
[0605/045323.975:INFO:CONSOLE(13)] "Loaded: file:C:/Users/zacwy/Downloads/HTX_Technical_Test/SETUP_1/3d/detector.dae", source: file:///C:/Program%20Files/AnyLogic%208.9%20Personal%20Learning%20Edition/plugins/com.anylogic.graphics3d_8.9.8.202602271015/static/init.js (13)
[0605/045324.018:INFO:CONSOLE(7)] "THREE.ColladaLoader: File version 1.4.0", source: file:///C:/Program%20Files/AnyLogic%208.9%20Personal%20Learning%20Edition/plugins/com.anylogic.graphics3d_8.9.8.202602271015/static/init.js (7)
[0605/045324.021:INFO:CONSOLE(13)] "Loaded: file:C:/Users/zacwy/Downloads/HTX_Technical_Test/SETUP_1/3d/xray.dae", source: file:///C:/Program%20Files/AnyLogic%208.9%20Personal%20Learning%20Edition/plugins/com.anylogic.graphics3d_8.9.8.202602271015/static/init.js (13)
[0605/045324.023:INFO:CONSOLE(13)] "Loaded: file:C:/Users/zacwy/Downloads/HTX_Technical_Test/SETUP_1/3d/xray.dae", source: file:///C:/Program%20Files/AnyLogic%208.9%20Personal%20Learning%20Edition/plugins/com.anylogic.graphics3d_8.9.8.202602271015/static/init.js (13)
[0605/045324.217:INFO:CONSOLE(7)] "THREE.ColladaLoader: File version 1.4.0", source: file:///C:/Program%20Files/AnyLogic%208.9%20Personal%20Learning%20Edition/plugins/com.anylogic.graphics3d_8.9.8.202602271015/static/init.js (7)
[0605/045324.221:INFO:CONSOLE(13)] "Loaded: file:C:/Users/zacwy/Downloads/HTX_Technical_Test/SETUP_1/3d/turnstile_open.dae", source: file:///C:/Program%20Files/AnyLogic%208.9%20Personal%20Learning%20Edition/plugins/com.anylogic.graphics3d_8.9.8.202602271015/static/init.js (13)
[0605/045324.223:INFO:CONSOLE(13)] "Loaded: file:C:/Users/zacwy/Downloads/HTX_Technical_Test/SETUP_1/3d/turnstile_open.dae", source: file:///C:/Program%20Files/AnyLogic%208.9%20Personal%20Learning%20Edition/plugins/com.anylogic.graphics3d_8.9.8.202602271015/static/init.js (13)
[0605/045324.231:INFO:CONSOLE(7)] "THREE.ColladaLoader: File version 1.4.0", source: file:///C:/Program%20Files/AnyLogic%208.9%20Personal%20Learning%20Edition/plugins/com.anylogic.graphics3d_8.9.8.202602271015/static/init.js (7)
[0605/045324.232:INFO:CONSOLE(13)] "Loaded: file:C:/Users/zacwy/Downloads/HTX_Technical_Test/SETUP_1/3d/reseption_2.dae", source: file:///C:/Program%20Files/AnyLogic%208.9%20Personal%20Learning%20Edition/plugins/com.anylogic.graphics3d_8.9.8.202602271015/static/init.js (13)
[0605/045324.234:INFO:CONSOLE(13)] "Loaded: file:C:/Users/zacwy/Downloads/HTX_Technical_Test/SETUP_1/3d/reseption_2.dae", source: file:///C:/Program%20Files/AnyLogic%208.9%20Personal%20Learning%20Edition/plugins/com.anylogic.graphics3d_8.9.8.202602271015/static/init.js (13)
[0605/045324.241:INFO:CONSOLE(7)] "THREE.ColladaLoader: File version 1.4.0", source: file:///C:/Program%20Files/AnyLogic%208.9%20Personal%20Learning%20Edition/plugins/com.anylogic.graphics3d_8.9.8.202602271015/static/init.js (7)
[0605/045324.243:INFO:CONSOLE(13)] "Loaded: file:C:/Users/zacwy/Downloads/HTX_Technical_Test/SETUP_1/3d/monitor_on.dae", source: file:///C:/Program%20Files/AnyLogic%208.9%20Personal%20Learning%20Edition/plugins/com.anylogic.graphics3d_8.9.8.202602271015/static/init.js (13)
[0605/045324.245:INFO:CONSOLE(13)] "Loaded: file:C:/Users/zacwy/Downloads/HTX_Technical_Test/SETUP_1/3d/monitor_on.dae", source: file:///C:/Program%20Files/AnyLogic%208.9%20Personal%20Learning%20Edition/plugins/com.anylogic.graphics3d_8.9.8.202602271015/static/init.js (13)
[0605/045324.252:INFO:CONSOLE(7)] "THREE.ColladaLoader: File version 1.4.0", source: file:///C:/Program%20Files/AnyLogic%208.9%20Personal%20Learning%20Edition/plugins/com.anylogic.graphics3d_8.9.8.202602271015/static/init.js (7)
[0605/045324.253:INFO:CONSOLE(13)] "Loaded: file:C:/Users/zacwy/Downloads/HTX_Technical_Test/SETUP_1/3d/chair.dae", source: file:///C:/Program%20Files/AnyLogic%208.9%20Personal%20Learning%20Edition/plugins/com.anylogic.graphics3d_8.9.8.202602271015/static/init.js (13)
[0605/045324.256:INFO:CONSOLE(13)] "Loaded: file:C:/Users/zacwy/Downloads/HTX_Technical_Test/SETUP_1/3d/chair.dae", source: file:///C:/Program%20Files/AnyLogic%208.9%20Personal%20Learning%20Edition/plugins/com.anylogic.graphics3d_8.9.8.202602271015/static/init.js (13)
[0605/045324.266:INFO:CONSOLE(7)] "THREE.ColladaLoader: File version 1.4.0", source: file:///C:/Program%20Files/AnyLogic%208.9%20Personal%20Learning%20Edition/plugins/com.anylogic.graphics3d_8.9.8.202602271015/static/init.js (7)
[0605/045324.268:INFO:CONSOLE(13)] "Loaded: file:C:/Users/zacwy/Downloads/HTX_Technical_Test/SETUP_1/3d/table_3.dae", source: file:///C:/Program%20Files/AnyLogic%208.9%20Personal%20Learning%20Edition/plugins/com.anylogic.graphics3d_8.9.8.202602271015/static/init.js (13)
[0605/045324.271:INFO:CONSOLE(13)] "Loaded: file:C:/Users/zacwy/Downloads/HTX_Technical_Test/SETUP_1/3d/table_3.dae", source: file:///C:/Program%20Files/AnyLogic%208.9%20Personal%20Learning%20Edition/plugins/com.anylogic.graphics3d_8.9.8.202602271015/static/init.js (13)
[0605/045324.277:INFO:CONSOLE(7)] "THREE.ColladaLoader: File version 1.4.0", source: file:///C:/Program%20Files/AnyLogic%208.9%20Personal%20Learning%20Edition/plugins/com.anylogic.graphics3d_8.9.8.202602271015/static/init.js (7)
[0605/045324.283:INFO:CONSOLE(13)] "Loaded: file:C:/Users/zacwy/Downloads/HTX_Technical_Test/SETUP_1/3d/officeworker.dae", source: file:///C:/Program%20Files/AnyLogic%208.9%20Personal%20Learning%20Edition/plugins/com.anylogic.graphics3d_8.9.8.202602271015/static/init.js (13)
[0605/045324.285:INFO:CONSOLE(13)] "Loaded: file:C:/Users/zacwy/Downloads/HTX_Technical_Test/SETUP_1/3d/officeworker.dae", source: file:///C:/Program%20Files/AnyLogic%208.9%20Personal%20Learning%20Edition/plugins/com.anylogic.graphics3d_8.9.8.202602271015/static/init.js (13)
[0605/045522.369:ERROR:gpu_init.cc(523)] Passthrough is not supported, GL is disabled, ANGLE is 
[0605/045557.721:INFO:CONSOLE(7)] "THREE.ColladaLoader: File version 1.4.0", source: file:///C:/Program%20Files/AnyLogic%208.9%20Personal%20Learning%20Edition/plugins/com.anylogic.graphics3d_8.9.8.202602271015/static/init.js (7)
[0605/045557.735:INFO:CONSOLE(13)] "Loaded: file:C:/Users/zacwy/Downloads/HTX_Technical_Test/SETUP_1/3d/person.dae", source: file:///C:/Program%20Files/AnyLogic%208.9%20Personal%20Learning%20Edition/plugins/com.anylogic.graphics3d_8.9.8.202602271015/static/init.js (13)
[0605/045557.739:INFO:CONSOLE(13)] "Loaded: file:C:/Users/zacwy/Downloads/HTX_Technical_Test/SETUP_1/3d/person.dae", source: file:///C:/Program%20Files/AnyLogic%208.9%20Personal%20Learning%20Edition/plugins/com.anylogic.graphics3d_8.9.8.202602271015/static/init.js (13)
[0605/045557.749:INFO:CONSOLE(7)] "THREE.ColladaLoader: File version 1.4.0", source: file:///C:/Program%20Files/AnyLogic%208.9%20Personal%20Learning%20Edition/plugins/com.anylogic.graphics3d_8.9.8.202602271015/static/init.js (7)
[0605/045557.751:INFO:CONSOLE(13)] "Loaded: file:C:/Users/zacwy/Downloads/HTX_Technical_Test/SETUP_1/3d/suitcase_1.dae", source: file:///C:/Program%20Files/AnyLogic%208.9%20Personal%20Learning%20Edition/plugins/com.anylogic.graphics3d_8.9.8.202602271015/static/init.js (13)
[0605/045557.754:INFO:CONSOLE(13)] "Loaded: file:C:/Users/zacwy/Downloads/HTX_Technical_Test/SETUP_1/3d/suitcase_1.dae", source: file:///C:/Program%20Files/AnyLogic%208.9%20Personal%20Learning%20Edition/plugins/com.anylogic.graphics3d_8.9.8.202602271015/static/init.js (13)
[0605/050308.686:INFO:CONSOLE(7)] "THREE.ColladaLoader: File version 1.4.0", source: file:///C:/Program%20Files/AnyLogic%208.9%20Personal%20Learning%20Edition/plugins/com.anylogic.graphics3d_8.9.8.202602271015/static/init.js (7)
[0605/050308.693:INFO:CONSOLE(13)] "Loaded: file:C:/Users/zacwy/Downloads/HTX_Technical_Test/SETUP_1/3d/detector.dae", source: file:///C:/Program%20Files/AnyLogic%208.9%20Personal%20Learning%20Edition/plugins/com.anylogic.graphics3d_8.9.8.202602271015/static/init.js (13)
[0605/050308.698:INFO:CONSOLE(13)] "Loaded: file:C:/Users/zacwy/Downloads/HTX_Technical_Test/SETUP_1/3d/detector.dae", source: file:///C:/Program%20Files/AnyLogic%208.9%20Personal%20Learning%20Edition/plugins/com.anylogic.graphics3d_8.9.8.202602271015/static/init.js (13)
[0605/050308.739:INFO:CONSOLE(7)] "THREE.ColladaLoader: File version 1.4.0", source: file:///C:/Program%20Files/AnyLogic%208.9%20Personal%20Learning%20Edition/plugins/com.anylogic.graphics3d_8.9.8.202602271015/static/init.js (7)
[0605/050308.742:INFO:CONSOLE(13)] "Loaded: file:C:/Users/zacwy/Downloads/HTX_Technical_Test/SETUP_1/3d/xray.dae", source: file:///C:/Program%20Files/AnyLogic%208.9%20Personal%20Learning%20Edition/plugins/com.anylogic.graphics3d_8.9.8.202602271015/static/init.js (13)
[0605/050308.744:INFO:CONSOLE(13)] "Loaded: file:C:/Users/zacwy/Downloads/HTX_Technical_Test/SETUP_1/3d/xray.dae", source: file:///C:/Program%20Files/AnyLogic%208.9%20Personal%20Learning%20Edition/plugins/com.anylogic.graphics3d_8.9.8.202602271015/static/init.js (13)
[0605/050308.932:INFO:CONSOLE(7)] "THREE.ColladaLoader: File version 1.4.0", source: file:///C:/Program%20Files/AnyLogic%208.9%20Personal%20Learning%20Edition/plugins/com.anylogic.graphics3d_8.9.8.202602271015/static/init.js (7)
[0605/050308.936:INFO:CONSOLE(13)] "Loaded: file:C:/Users/zacwy/Downloads/HTX_Technical_Test/SETUP_1/3d/turnstile_open.dae", source: file:///C:/Program%20Files/AnyLogic%208.9%20Personal%20Learning%20Edition/plugins/com.anylogic.graphics3d_8.9.8.202602271015/static/init.js (13)
[0605/050308.938:INFO:CONSOLE(13)] "Loaded: file:C:/Users/zacwy/Downloads/HTX_Technical_Test/SETUP_1/3d/turnstile_open.dae", source: file:///C:/Program%20Files/AnyLogic%208.9%20Personal%20Learning%20Edition/plugins/com.anylogic.graphics3d_8.9.8.202602271015/static/init.js (13)
[0605/050308.945:INFO:CONSOLE(7)] "THREE.ColladaLoader: File version 1.4.0", source: file:///C:/Program%20Files/AnyLogic%208.9%20Personal%20Learning%20Edition/plugins/com.anylogic.graphics3d_8.9.8.202602271015/static/init.js (7)
[0605/050308.946:INFO:CONSOLE(13)] "Loaded: file:C:/Users/zacwy/Downloads/HTX_Technical_Test/SETUP_1/3d/reseption_2.dae", source: file:///C:/Program%20Files/AnyLogic%208.9%20Personal%20Learning%20Edition/plugins/com.anylogic.graphics3d_8.9.8.202602271015/static/init.js (13)
[0605/050308.950:INFO:CONSOLE(13)] "Loaded: file:C:/Users/zacwy/Downloads/HTX_Technical_Test/SETUP_1/3d/reseption_2.dae", source: file:///C:/Program%20Files/AnyLogic%208.9%20Personal%20Learning%20Edition/plugins/com.anylogic.graphics3d_8.9.8.202602271015/static/init.js (13)
[0605/050308.957:INFO:CONSOLE(7)] "THREE.ColladaLoader: File version 1.4.0", source: file:///C:/Program%20Files/AnyLogic%208.9%20Personal%20Learning%20Edition/plugins/com.anylogic.graphics3d_8.9.8.202602271015/static/init.js (7)
[0605/050308.958:INFO:CONSOLE(13)] "Loaded: file:C:/Users/zacwy/Downloads/HTX_Technical_Test/SETUP_1/3d/monitor_on.dae", source: file:///C:/Program%20Files/AnyLogic%208.9%20Personal%20Learning%20Edition/plugins/com.anylogic.graphics3d_8.9.8.202602271015/static/init.js (13)
[0605/050308.961:INFO:CONSOLE(13)] "Loaded: file:C:/Users/zacwy/Downloads/HTX_Technical_Test/SETUP_1/3d/monitor_on.dae", source: file:///C:/Program%20Files/AnyLogic%208.9%20Personal%20Learning%20Edition/plugins/com.anylogic.graphics3d_8.9.8.202602271015/static/init.js (13)
[0605/050308.968:INFO:CONSOLE(7)] "THREE.ColladaLoader: File version 1.4.0", source: file:///C:/Program%20Files/AnyLogic%208.9%20Personal%20Learning%20Edition/plugins/com.anylogic.graphics3d_8.9.8.202602271015/static/init.js (7)
[0605/050308.969:INFO:CONSOLE(13)] "Loaded: file:C:/Users/zacwy/Downloads/HTX_Technical_Test/SETUP_1/3d/chair.dae", source: file:///C:/Program%20Files/AnyLogic%208.9%20Personal%20Learning%20Edition/plugins/com.anylogic.graphics3d_8.9.8.202602271015/static/init.js (13)
[0605/050308.971:INFO:CONSOLE(13)] "Loaded: file:C:/Users/zacwy/Downloads/HTX_Technical_Test/SETUP_1/3d/chair.dae", source: file:///C:/Program%20Files/AnyLogic%208.9%20Personal%20Learning%20Edition/plugins/com.anylogic.graphics3d_8.9.8.202602271015/static/init.js (13)
[0605/050308.982:INFO:CONSOLE(7)] "THREE.ColladaLoader: File version 1.4.0", source: file:///C:/Program%20Files/AnyLogic%208.9%20Personal%20Learning%20Edition/plugins/com.anylogic.graphics3d_8.9.8.202602271015/static/init.js (7)
[0605/050308.985:INFO:CONSOLE(13)] "Loaded: file:C:/Users/zacwy/Downloads/HTX_Technical_Test/SETUP_1/3d/table_3.dae", source: file:///C:/Program%20Files/AnyLogic%208.9%20Personal%20Learning%20Edition/plugins/com.anylogic.graphics3d_8.9.8.202602271015/static/init.js (13)
[0605/050308.987:INFO:CONSOLE(13)] "Loaded: file:C:/Users/zacwy/Downloads/HTX_Technical_Test/SETUP_1/3d/table_3.dae", source: file:///C:/Program%20Files/AnyLogic%208.9%20Personal%20Learning%20Edition/plugins/com.anylogic.graphics3d_8.9.8.202602271015/static/init.js (13)
[0605/050308.993:INFO:CONSOLE(7)] "THREE.ColladaLoader: File version 1.4.0", source: file:///C:/Program%20Files/AnyLogic%208.9%20Personal%20Learning%20Edition/plugins/com.anylogic.graphics3d_8.9.8.202602271015/static/init.js (7)
[0605/050309.000:INFO:CONSOLE(13)] "Loaded: file:C:/Users/zacwy/Downloads/HTX_Technical_Test/SETUP_1/3d/officeworker.dae", source: file:///C:/Program%20Files/AnyLogic%208.9%20Personal%20Learning%20Edition/plugins/com.anylogic.graphics3d_8.9.8.202602271015/static/init.js (13)
[0605/050309.001:INFO:CONSOLE(13)] "Loaded: file:C:/Users/zacwy/Downloads/HTX_Technical_Test/SETUP_1/3d/officeworker.dae", source: file:///C:/Program%20Files/AnyLogic%208.9%20Personal%20Learning%20Edition/plugins/com.anylogic.graphics3d_8.9.8.202602271015/static/init.js (13)
[0605/050440.540:INFO:CONSOLE(7)] "THREE.ColladaLoader: File version 1.4.0", source: file:///C:/Program%20Files/AnyLogic%208.9%20Personal%20Learning%20Edition/plugins/com.anylogic.graphics3d_8.9.8.202602271015/static/init.js (7)
[0605/050440.553:INFO:CONSOLE(13)] "Loaded: file:C:/Users/zacwy/Downloads/HTX_Technical_Test/SETUP_1/3d/person.dae", source: file:///C:/Program%20Files/AnyLogic%208.9%20Personal%20Learning%20Edition/plugins/com.anylogic.graphics3d_8.9.8.202602271015/static/init.js (13)
[0605/050440.556:INFO:CONSOLE(13)] "Loaded: file:C:/Users/zacwy/Downloads/HTX_Technical_Test/SETUP_1/3d/person.dae", source: file:///C:/Program%20Files/AnyLogic%208.9%20Personal%20Learning%20Edition/plugins/com.anylogic.graphics3d_8.9.8.202602271015/static/init.js (13)
[0605/050440.565:INFO:CONSOLE(7)] "THREE.ColladaLoader: File version 1.4.0", source: file:///C:/Program%20Files/AnyLogic%208.9%20Personal%20Learning%20Edition/plugins/com.anylogic.graphics3d_8.9.8.202602271015/static/init.js (7)
[0605/050440.568:INFO:CONSOLE(13)] "Loaded: file:C:/Users/zacwy/Downloads/HTX_Technical_Test/SETUP_1/3d/suitcase_1.dae", source: file:///C:/Program%20Files/AnyLogic%208.9%20Personal%20Learning%20Edition/plugins/com.anylogic.graphics3d_8.9.8.202602271015/static/init.js (13)
[0605/050440.571:INFO:CONSOLE(13)] "Loaded: file:C:/Users/zacwy/Downloads/HTX_Technical_Test/SETUP_1/3d/suitcase_1.dae", source: file:///C:/Program%20Files/AnyLogic%208.9%20Personal%20Learning%20Edition/plugins/com.anylogic.graphics3d_8.9.8.202602271015/static/init.js (13)
[0605/050507.146:ERROR:gpu_init.cc(523)] Passthrough is not supported, GL is disabled, ANGLE is 
[0606/154416.055:INFO:CONSOLE(7)] "THREE.ColladaLoader: File version 1.4.0", source: file:///C:/Program%20Files/AnyLogic%208.9%20Personal%20Learning%20Edition/plugins/com.anylogic.graphics3d_8.9.8.202602271015/static/init.js (7)
[0606/154416.061:INFO:CONSOLE(13)] "Loaded: file:C:/Users/zacwy/Downloads/HTX_Technical_Test/SETUP_1/3d/detector.dae", source: file:///C:/Program%20Files/AnyLogic%208.9%20Personal%20Learning%20Edition/plugins/com.anylogic.graphics3d_8.9.8.202602271015/static/init.js (13)
[0606/154416.068:INFO:CONSOLE(13)] "Loaded: file:C:/Users/zacwy/Downloads/HTX_Technical_Test/SETUP_1/3d/detector.dae", source: file:///C:/Program%20Files/AnyLogic%208.9%20Personal%20Learning%20Edition/plugins/com.anylogic.graphics3d_8.9.8.202602271015/static/init.js (13)
[0606/154416.126:INFO:CONSOLE(7)] "THREE.ColladaLoader: File version 1.4.0", source: file:///C:/Program%20Files/AnyLogic%208.9%20Personal%20Learning%20Edition/plugins/com.anylogic.graphics3d_8.9.8.202602271015/static/init.js (7)
[0606/154416.131:INFO:CONSOLE(13)] "Loaded: file:C:/Users/zacwy/Downloads/HTX_Technical_Test/SETUP_1/3d/xray.dae", source: file:///C:/Program%20Files/AnyLogic%208.9%20Personal%20Learning%20Edition/plugins/com.anylogic.graphics3d_8.9.8.202602271015/static/init.js (13)
[0606/154416.135:INFO:CONSOLE(13)] "Loaded: file:C:/Users/zacwy/Downloads/HTX_Technical_Test/SETUP_1/3d/xray.dae", source: file:///C:/Program%20Files/AnyLogic%208.9%20Personal%20Learning%20Edition/plugins/com.anylogic.graphics3d_8.9.8.202602271015/static/init.js (13)
[0606/154416.364:INFO:CONSOLE(7)] "THREE.ColladaLoader: File version 1.4.0", source: file:///C:/Program%20Files/AnyLogic%208.9%20Personal%20Learning%20Edition/plugins/com.anylogic.graphics3d_8.9.8.202602271015/static/init.js (7)
[0606/154416.368:INFO:CONSOLE(13)] "Loaded: file:C:/Users/zacwy/Downloads/HTX_Technical_Test/SETUP_1/3d/turnstile_open.dae", source: file:///C:/Program%20Files/AnyLogic%208.9%20Personal%20Learning%20Edition/plugins/com.anylogic.graphics3d_8.9.8.202602271015/static/init.js (13)
[0606/154416.371:INFO:CONSOLE(13)] "Loaded: file:C:/Users/zacwy/Downloads/HTX_Technical_Test/SETUP_1/3d/turnstile_open.dae", source: file:///C:/Program%20Files/AnyLogic%208.9%20Personal%20Learning%20Edition/plugins/com.anylogic.graphics3d_8.9.8.202602271015/static/init.js (13)
[0606/154416.380:INFO:CONSOLE(7)] "THREE.ColladaLoader: File version 1.4.0", source: file:///C:/Program%20Files/AnyLogic%208.9%20Personal%20Learning%20Edition/plugins/com.anylogic.graphics3d_8.9.8.202602271015/static/init.js (7)
[0606/154416.381:INFO:CONSOLE(13)] "Loaded: file:C:/Users/zacwy/Downloads/HTX_Technical_Test/SETUP_1/3d/reseption_2.dae", source: file:///C:/Program%20Files/AnyLogic%208.9%20Personal%20Learning%20Edition/plugins/com.anylogic.graphics3d_8.9.8.202602271015/static/init.js (13)
[0606/154416.384:INFO:CONSOLE(13)] "Loaded: file:C:/Users/zacwy/Downloads/HTX_Technical_Test/SETUP_1/3d/reseption_2.dae", source: file:///C:/Program%20Files/AnyLogic%208.9%20Personal%20Learning%20Edition/plugins/com.anylogic.graphics3d_8.9.8.202602271015/static/init.js (13)
[0606/154416.393:INFO:CONSOLE(7)] "THREE.ColladaLoader: File version 1.4.0", source: file:///C:/Program%20Files/AnyLogic%208.9%20Personal%20Learning%20Edition/plugins/com.anylogic.graphics3d_8.9.8.202602271015/static/init.js (7)
[0606/154416.394:INFO:CONSOLE(13)] "Loaded: file:C:/Users/zacwy/Downloads/HTX_Technical_Test/SETUP_1/3d/monitor_on.dae", source: file:///C:/Program%20Files/AnyLogic%208.9%20Personal%20Learning%20Edition/plugins/com.anylogic.graphics3d_8.9.8.202602271015/static/init.js (13)
[0606/154416.397:INFO:CONSOLE(13)] "Loaded: file:C:/Users/zacwy/Downloads/HTX_Technical_Test/SETUP_1/3d/monitor_on.dae", source: file:///C:/Program%20Files/AnyLogic%208.9%20Personal%20Learning%20Edition/plugins/com.anylogic.graphics3d_8.9.8.202602271015/static/init.js (13)
[0606/154416.405:INFO:CONSOLE(7)] "THREE.ColladaLoader: File version 1.4.0", source: file:///C:/Program%20Files/AnyLogic%208.9%20Personal%20Learning%20Edition/plugins/com.anylogic.graphics3d_8.9.8.202602271015/static/init.js (7)
[0606/154416.406:INFO:CONSOLE(13)] "Loaded: file:C:/Users/zacwy/Downloads/HTX_Technical_Test/SETUP_1/3d/chair.dae", source: file:///C:/Program%20Files/AnyLogic%208.9%20Personal%20Learning%20Edition/plugins/com.anylogic.graphics3d_8.9.8.202602271015/static/init.js (13)
[0606/154416.409:INFO:CONSOLE(13)] "Loaded: file:C:/Users/zacwy/Downloads/HTX_Technical_Test/SETUP_1/3d/chair.dae", source: file:///C:/Program%20Files/AnyLogic%208.9%20Personal%20Learning%20Edition/plugins/com.anylogic.graphics3d_8.9.8.202602271015/static/init.js (13)
[0606/154416.419:INFO:CONSOLE(7)] "THREE.ColladaLoader: File version 1.4.0", source: file:///C:/Program%20Files/AnyLogic%208.9%20Personal%20Learning%20Edition/plugins/com.anylogic.graphics3d_8.9.8.202602271015/static/init.js (7)
[0606/154416.423:INFO:CONSOLE(13)] "Loaded: file:C:/Users/zacwy/Downloads/HTX_Technical_Test/SETUP_1/3d/table_3.dae", source: file:///C:/Program%20Files/AnyLogic%208.9%20Personal%20Learning%20Edition/plugins/com.anylogic.graphics3d_8.9.8.202602271015/static/init.js (13)
[0606/154416.426:INFO:CONSOLE(13)] "Loaded: file:C:/Users/zacwy/Downloads/HTX_Technical_Test/SETUP_1/3d/table_3.dae", source: file:///C:/Program%20Files/AnyLogic%208.9%20Personal%20Learning%20Edition/plugins/com.anylogic.graphics3d_8.9.8.202602271015/static/init.js (13)
[0606/154416.434:INFO:CONSOLE(7)] "THREE.ColladaLoader: File version 1.4.0", source: file:///C:/Program%20Files/AnyLogic%208.9%20Personal%20Learning%20Edition/plugins/com.anylogic.graphics3d_8.9.8.202602271015/static/init.js (7)
[0606/154416.441:INFO:CONSOLE(13)] "Loaded: file:C:/Users/zacwy/Downloads/HTX_Technical_Test/SETUP_1/3d/officeworker.dae", source: file:///C:/Program%20Files/AnyLogic%208.9%20Personal%20Learning%20Edition/plugins/com.anylogic.graphics3d_8.9.8.202602271015/static/init.js (13)
[0606/154416.443:INFO:CONSOLE(13)] "Loaded: file:C:/Users/zacwy/Downloads/HTX_Technical_Test/SETUP_1/3d/officeworker.dae", source: file:///C:/Program%20Files/AnyLogic%208.9%20Personal%20Learning%20Edition/plugins/com.anylogic.graphics3d_8.9.8.202602271015/static/init.js (13)
[0606/154614.336:ERROR:gpu_init.cc(523)] Passthrough is not supported, GL is disabled, ANGLE is 
[0606/164047.895:INFO:CONSOLE(7)] "THREE.ColladaLoader: File version 1.4.0", source: file:///C:/Program%20Files/AnyLogic%208.9%20Personal%20Learning%20Edition/plugins/com.anylogic.graphics3d_8.9.8.202602271015/static/init.js (7)
[0606/164047.919:INFO:CONSOLE(13)] "Loaded: file:C:/Users/zacwy/Downloads/HTX_Technical_Test/SETUP_1/3d/person.dae", source: file:///C:/Program%20Files/AnyLogic%208.9%20Personal%20Learning%20Edition/plugins/com.anylogic.graphics3d_8.9.8.202602271015/static/init.js (13)
[0606/164047.921:INFO:CONSOLE(13)] "Loaded: file:C:/Users/zacwy/Downloads/HTX_Technical_Test/SETUP_1/3d/person.dae", source: file:///C:/Program%20Files/AnyLogic%208.9%20Personal%20Learning%20Edition/plugins/com.anylogic.graphics3d_8.9.8.202602271015/static/init.js (13)
[0606/164047.960:INFO:CONSOLE(7)] "THREE.ColladaLoader: File version 1.4.0", source: file:///C:/Program%20Files/AnyLogic%208.9%20Personal%20Learning%20Edition/plugins/com.anylogic.graphics3d_8.9.8.202602271015/static/init.js (7)
[0606/164047.963:INFO:CONSOLE(13)] "Loaded: file:C:/Users/zacwy/Downloads/HTX_Technical_Test/SETUP_1/3d/suitcase_1.dae", source: file:///C:/Program%20Files/AnyLogic%208.9%20Personal%20Learning%20Edition/plugins/com.anylogic.graphics3d_8.9.8.202602271015/static/init.js (13)
[0606/164047.965:INFO:CONSOLE(13)] "Loaded: file:C:/Users/zacwy/Downloads/HTX_Technical_Test/SETUP_1/3d/suitcase_1.dae", source: file:///C:/Program%20Files/AnyLogic%208.9%20Personal%20Learning%20Edition/plugins/com.anylogic.graphics3d_8.9.8.202602271015/static/init.js (13)
[0606/164246.428:ERROR:gpu_init.cc(523)] Passthrough is not supported, GL is disabled, ANGLE is 
[0606/164438.774:INFO:CONSOLE(7)] "THREE.ColladaLoader: File version 1.4.0", source: file:///C:/Program%20Files/AnyLogic%208.9%20Personal%20Learning%20Edition/plugins/com.anylogic.graphics3d_8.9.8.202602271015/static/init.js (7)
[0606/164438.778:INFO:CONSOLE(13)] "Loaded: file:C:/Users/zacwy/Downloads/HTX_Technical_Test/SETUP_2/3d/detector.dae", source: file:///C:/Program%20Files/AnyLogic%208.9%20Personal%20Learning%20Edition/plugins/com.anylogic.graphics3d_8.9.8.202602271015/static/init.js (13)
[0606/164438.780:INFO:CONSOLE(13)] "Loaded: file:C:/Users/zacwy/Downloads/HTX_Technical_Test/SETUP_2/3d/detector.dae", source: file:///C:/Program%20Files/AnyLogic%208.9%20Personal%20Learning%20Edition/plugins/com.anylogic.graphics3d_8.9.8.202602271015/static/init.js (13)
[0606/164438.789:INFO:CONSOLE(7)] "THREE.ColladaLoader: File version 1.4.0", source: file:///C:/Program%20Files/AnyLogic%208.9%20Personal%20Learning%20Edition/plugins/com.anylogic.graphics3d_8.9.8.202602271015/static/init.js (7)
[0606/164438.791:INFO:CONSOLE(13)] "Loaded: file:C:/Users/zacwy/Downloads/HTX_Technical_Test/SETUP_2/3d/xray.dae", source: file:///C:/Program%20Files/AnyLogic%208.9%20Personal%20Learning%20Edition/plugins/com.anylogic.graphics3d_8.9.8.202602271015/static/init.js (13)
[0606/164438.792:INFO:CONSOLE(13)] "Loaded: file:C:/Users/zacwy/Downloads/HTX_Technical_Test/SETUP_2/3d/xray.dae", source: file:///C:/Program%20Files/AnyLogic%208.9%20Personal%20Learning%20Edition/plugins/com.anylogic.graphics3d_8.9.8.202602271015/static/init.js (13)
[0606/164438.814:INFO:CONSOLE(7)] "THREE.ColladaLoader: File version 1.4.0", source: file:///C:/Program%20Files/AnyLogic%208.9%20Personal%20Learning%20Edition/plugins/com.anylogic.graphics3d_8.9.8.202602271015/static/init.js (7)
[0606/164438.819:INFO:CONSOLE(13)] "Loaded: file:C:/Users/zacwy/Downloads/HTX_Technical_Test/SETUP_2/3d/turnstile_open.dae", source: file:///C:/Program%20Files/AnyLogic%208.9%20Personal%20Learning%20Edition/plugins/com.anylogic.graphics3d_8.9.8.202602271015/static/init.js (13)
[0606/164438.821:INFO:CONSOLE(13)] "Loaded: file:C:/Users/zacwy/Downloads/HTX_Technical_Test/SETUP_2/3d/turnstile_open.dae", source: file:///C:/Program%20Files/AnyLogic%208.9%20Personal%20Learning%20Edition/plugins/com.anylogic.graphics3d_8.9.8.202602271015/static/init.js (13)
[0606/164438.827:INFO:CONSOLE(7)] "THREE.ColladaLoader: File version 1.4.0", source: file:///C:/Program%20Files/AnyLogic%208.9%20Personal%20Learning%20Edition/plugins/com.anylogic.graphics3d_8.9.8.202602271015/static/init.js (7)
[0606/164438.829:INFO:CONSOLE(13)] "Loaded: file:C:/Users/zacwy/Downloads/HTX_Technical_Test/SETUP_2/3d/reseption_2.dae", source: file:///C:/Program%20Files/AnyLogic%208.9%20Personal%20Learning%20Edition/plugins/com.anylogic.graphics3d_8.9.8.202602271015/static/init.js (13)
[0606/164438.831:INFO:CONSOLE(13)] "Loaded: file:C:/Users/zacwy/Downloads/HTX_Technical_Test/SETUP_2/3d/reseption_2.dae", source: file:///C:/Program%20Files/AnyLogic%208.9%20Personal%20Learning%20Edition/plugins/com.anylogic.graphics3d_8.9.8.202602271015/static/init.js (13)
[0606/164438.839:INFO:CONSOLE(7)] "THREE.ColladaLoader: File version 1.4.0", source: file:///C:/Program%20Files/AnyLogic%208.9%20Personal%20Learning%20Edition/plugins/com.anylogic.graphics3d_8.9.8.202602271015/static/init.js (7)
[0606/164438.840:INFO:CONSOLE(13)] "Loaded: file:C:/Users/zacwy/Downloads/HTX_Technical_Test/SETUP_2/3d/monitor_on.dae", source: file:///C:/Program%20Files/AnyLogic%208.9%20Personal%20Learning%20Edition/plugins/com.anylogic.graphics3d_8.9.8.202602271015/static/init.js (13)
[0606/164438.841:INFO:CONSOLE(13)] "Loaded: file:C:/Users/zacwy/Downloads/HTX_Technical_Test/SETUP_2/3d/monitor_on.dae", source: file:///C:/Program%20Files/AnyLogic%208.9%20Personal%20Learning%20Edition/plugins/com.anylogic.graphics3d_8.9.8.202602271015/static/init.js (13)
[0606/164438.850:INFO:CONSOLE(7)] "THREE.ColladaLoader: File version 1.4.0", source: file:///C:/Program%20Files/AnyLogic%208.9%20Personal%20Learning%20Edition/plugins/com.anylogic.graphics3d_8.9.8.202602271015/static/init.js (7)
[0606/164438.852:INFO:CONSOLE(13)] "Loaded: file:C:/Users/zacwy/Downloads/HTX_Technical_Test/SETUP_2/3d/chair.dae", source: file:///C:/Program%20Files/AnyLogic%208.9%20Personal%20Learning%20Edition/plugins/com.anylogic.graphics3d_8.9.8.202602271015/static/init.js (13)
[0606/164438.854:INFO:CONSOLE(13)] "Loaded: file:C:/Users/zacwy/Downloads/HTX_Technical_Test/SETUP_2/3d/chair.dae", source: file:///C:/Program%20Files/AnyLogic%208.9%20Personal%20Learning%20Edition/plugins/com.anylogic.graphics3d_8.9.8.202602271015/static/init.js (13)
[0606/164438.863:INFO:CONSOLE(7)] "THREE.ColladaLoader: File version 1.4.0", source: file:///C:/Program%20Files/AnyLogic%208.9%20Personal%20Learning%20Edition/plugins/com.anylogic.graphics3d_8.9.8.202602271015/static/init.js (7)
[0606/164438.867:INFO:CONSOLE(13)] "Loaded: file:C:/Users/zacwy/Downloads/HTX_Technical_Test/SETUP_2/3d/table_3.dae", source: file:///C:/Program%20Files/AnyLogic%208.9%20Personal%20Learning%20Edition/plugins/com.anylogic.graphics3d_8.9.8.202602271015/static/init.js (13)
[0606/164438.869:INFO:CONSOLE(13)] "Loaded: file:C:/Users/zacwy/Downloads/HTX_Technical_Test/SETUP_2/3d/table_3.dae", source: file:///C:/Program%20Files/AnyLogic%208.9%20Personal%20Learning%20Edition/plugins/com.anylogic.graphics3d_8.9.8.202602271015/static/init.js (13)
[0606/164438.876:INFO:CONSOLE(7)] "THREE.ColladaLoader: File version 1.4.0", source: file:///C:/Program%20Files/AnyLogic%208.9%20Personal%20Learning%20Edition/plugins/com.anylogic.graphics3d_8.9.8.202602271015/static/init.js (7)
[0606/164438.883:INFO:CONSOLE(13)] "Loaded: file:C:/Users/zacwy/Downloads/HTX_Technical_Test/SETUP_2/3d/officeworker.dae", source: file:///C:/Program%20Files/AnyLogic%208.9%20Personal%20Learning%20Edition/plugins/com.anylogic.graphics3d_8.9.8.202602271015/static/init.js (13)
[0606/164438.885:INFO:CONSOLE(13)] "Loaded: file:C:/Users/zacwy/Downloads/HTX_Technical_Test/SETUP_2/3d/officeworker.dae", source: file:///C:/Program%20Files/AnyLogic%208.9%20Personal%20Learning%20Edition/plugins/com.anylogic.graphics3d_8.9.8.202602271015/static/init.js (13)
[0606/164448.228:INFO:CONSOLE(7)] "THREE.ColladaLoader: File version 1.4.0", source: file:///C:/Program%20Files/AnyLogic%208.9%20Personal%20Learning%20Edition/plugins/com.anylogic.graphics3d_8.9.8.202602271015/static/init.js (7)
[0606/164448.238:INFO:CONSOLE(13)] "Loaded: file:C:/Users/zacwy/Downloads/HTX_Technical_Test/SETUP_2/3d/person.dae", source: file:///C:/Program%20Files/AnyLogic%208.9%20Personal%20Learning%20Edition/plugins/com.anylogic.graphics3d_8.9.8.202602271015/static/init.js (13)
[0606/164448.240:INFO:CONSOLE(13)] "Loaded: file:C:/Users/zacwy/Downloads/HTX_Technical_Test/SETUP_2/3d/person.dae", source: file:///C:/Program%20Files/AnyLogic%208.9%20Personal%20Learning%20Edition/plugins/com.anylogic.graphics3d_8.9.8.202602271015/static/init.js (13)
[0606/164448.252:INFO:CONSOLE(7)] "THREE.ColladaLoader: File version 1.4.0", source: file:///C:/Program%20Files/AnyLogic%208.9%20Personal%20Learning%20Edition/plugins/com.anylogic.graphics3d_8.9.8.202602271015/static/init.js (7)
[0606/164448.254:INFO:CONSOLE(13)] "Loaded: file:C:/Users/zacwy/Downloads/HTX_Technical_Test/SETUP_2/3d/suitcase_1.dae", source: file:///C:/Program%20Files/AnyLogic%208.9%20Personal%20Learning%20Edition/plugins/com.anylogic.graphics3d_8.9.8.202602271015/static/init.js (13)
[0606/164448.256:INFO:CONSOLE(13)] "Loaded: file:C:/Users/zacwy/Downloads/HTX_Technical_Test/SETUP_2/3d/suitcase_1.dae", source: file:///C:/Program%20Files/AnyLogic%208.9%20Personal%20Learning%20Edition/plugins/com.anylogic.graphics3d_8.9.8.202602271015/static/init.js (13)
[0606/170109.635:INFO:CONSOLE(7)] "THREE.ColladaLoader: File version 1.4.0", source: file:///C:/Program%20Files/AnyLogic%208.9%20Personal%20Learning%20Edition/plugins/com.anylogic.graphics3d_8.9.8.202602271015/static/init.js (7)
[0606/170109.642:INFO:CONSOLE(13)] "Loaded: file:C:/Users/zacwy/Downloads/HTX_Technical_Test/SETUP_1/3d/detector.dae", source: file:///C:/Program%20Files/AnyLogic%208.9%20Personal%20Learning%20Edition/plugins/com.anylogic.graphics3d_8.9.8.202602271015/static/init.js (13)
[0606/170109.647:INFO:CONSOLE(13)] "Loaded: file:C:/Users/zacwy/Downloads/HTX_Technical_Test/SETUP_1/3d/detector.dae", source: file:///C:/Program%20Files/AnyLogic%208.9%20Personal%20Learning%20Edition/plugins/com.anylogic.graphics3d_8.9.8.202602271015/static/init.js (13)
[0606/170109.686:INFO:CONSOLE(7)] "THREE.ColladaLoader: File version 1.4.0", source: file:///C:/Program%20Files/AnyLogic%208.9%20Personal%20Learning%20Edition/plugins/com.anylogic.graphics3d_8.9.8.202602271015/static/init.js (7)
[0606/170109.690:INFO:CONSOLE(13)] "Loaded: file:C:/Users/zacwy/Downloads/HTX_Technical_Test/SETUP_1/3d/xray.dae", source: file:///C:/Program%20Files/AnyLogic%208.9%20Personal%20Learning%20Edition/plugins/com.anylogic.graphics3d_8.9.8.202602271015/static/init.js (13)
[0606/170109.692:INFO:CONSOLE(13)] "Loaded: file:C:/Users/zacwy/Downloads/HTX_Technical_Test/SETUP_1/3d/xray.dae", source: file:///C:/Program%20Files/AnyLogic%208.9%20Personal%20Learning%20Edition/plugins/com.anylogic.graphics3d_8.9.8.202602271015/static/init.js (13)
[0606/170109.877:INFO:CONSOLE(7)] "THREE.ColladaLoader: File version 1.4.0", source: file:///C:/Program%20Files/AnyLogic%208.9%20Personal%20Learning%20Edition/plugins/com.anylogic.graphics3d_8.9.8.202602271015/static/init.js (7)
[0606/170109.882:INFO:CONSOLE(13)] "Loaded: file:C:/Users/zacwy/Downloads/HTX_Technical_Test/SETUP_1/3d/turnstile_open.dae", source: file:///C:/Program%20Files/AnyLogic%208.9%20Personal%20Learning%20Edition/plugins/com.anylogic.graphics3d_8.9.8.202602271015/static/init.js (13)
[0606/170109.884:INFO:CONSOLE(13)] "Loaded: file:C:/Users/zacwy/Downloads/HTX_Technical_Test/SETUP_1/3d/turnstile_open.dae", source: file:///C:/Program%20Files/AnyLogic%208.9%20Personal%20Learning%20Edition/plugins/com.anylogic.graphics3d_8.9.8.202602271015/static/init.js (13)
[0606/170109.891:INFO:CONSOLE(7)] "THREE.ColladaLoader: File version 1.4.0", source: file:///C:/Program%20Files/AnyLogic%208.9%20Personal%20Learning%20Edition/plugins/com.anylogic.graphics3d_8.9.8.202602271015/static/init.js (7)
[0606/170109.893:INFO:CONSOLE(13)] "Loaded: file:C:/Users/zacwy/Downloads/HTX_Technical_Test/SETUP_1/3d/reseption_2.dae", source: file:///C:/Program%20Files/AnyLogic%208.9%20Personal%20Learning%20Edition/plugins/com.anylogic.graphics3d_8.9.8.202602271015/static/init.js (13)
[0606/170109.895:INFO:CONSOLE(13)] "Loaded: file:C:/Users/zacwy/Downloads/HTX_Technical_Test/SETUP_1/3d/reseption_2.dae", source: file:///C:/Program%20Files/AnyLogic%208.9%20Personal%20Learning%20Edition/plugins/com.anylogic.graphics3d_8.9.8.202602271015/static/init.js (13)
[0606/170109.903:INFO:CONSOLE(7)] "THREE.ColladaLoader: File version 1.4.0", source: file:///C:/Program%20Files/AnyLogic%208.9%20Personal%20Learning%20Edition/plugins/com.anylogic.graphics3d_8.9.8.202602271015/static/init.js (7)
[0606/170109.904:INFO:CONSOLE(13)] "Loaded: file:C:/Users/zacwy/Downloads/HTX_Technical_Test/SETUP_1/3d/monitor_on.dae", source: file:///C:/Program%20Files/AnyLogic%208.9%20Personal%20Learning%20Edition/plugins/com.anylogic.graphics3d_8.9.8.202602271015/static/init.js (13)
[0606/170109.907:INFO:CONSOLE(13)] "Loaded: file:C:/Users/zacwy/Downloads/HTX_Technical_Test/SETUP_1/3d/monitor_on.dae", source: file:///C:/Program%20Files/AnyLogic%208.9%20Personal%20Learning%20Edition/plugins/com.anylogic.graphics3d_8.9.8.202602271015/static/init.js (13)
[0606/170109.914:INFO:CONSOLE(7)] "THREE.ColladaLoader: File version 1.4.0", source: file:///C:/Program%20Files/AnyLogic%208.9%20Personal%20Learning%20Edition/plugins/com.anylogic.graphics3d_8.9.8.202602271015/static/init.js (7)
[0606/170109.915:INFO:CONSOLE(13)] "Loaded: file:C:/Users/zacwy/Downloads/HTX_Technical_Test/SETUP_1/3d/chair.dae", source: file:///C:/Program%20Files/AnyLogic%208.9%20Personal%20Learning%20Edition/plugins/com.anylogic.graphics3d_8.9.8.202602271015/static/init.js (13)
[0606/170109.918:INFO:CONSOLE(13)] "Loaded: file:C:/Users/zacwy/Downloads/HTX_Technical_Test/SETUP_1/3d/chair.dae", source: file:///C:/Program%20Files/AnyLogic%208.9%20Personal%20Learning%20Edition/plugins/com.anylogic.graphics3d_8.9.8.202602271015/static/init.js (13)
[0606/170109.929:INFO:CONSOLE(7)] "THREE.ColladaLoader: File version 1.4.0", source: file:///C:/Program%20Files/AnyLogic%208.9%20Personal%20Learning%20Edition/plugins/com.anylogic.graphics3d_8.9.8.202602271015/static/init.js (7)
[0606/170109.931:INFO:CONSOLE(13)] "Loaded: file:C:/Users/zacwy/Downloads/HTX_Technical_Test/SETUP_1/3d/table_3.dae", source: file:///C:/Program%20Files/AnyLogic%208.9%20Personal%20Learning%20Edition/plugins/com.anylogic.graphics3d_8.9.8.202602271015/static/init.js (13)
[0606/170109.934:INFO:CONSOLE(13)] "Loaded: file:C:/Users/zacwy/Downloads/HTX_Technical_Test/SETUP_1/3d/table_3.dae", source: file:///C:/Program%20Files/AnyLogic%208.9%20Personal%20Learning%20Edition/plugins/com.anylogic.graphics3d_8.9.8.202602271015/static/init.js (13)
[0606/170109.940:INFO:CONSOLE(7)] "THREE.ColladaLoader: File version 1.4.0", source: file:///C:/Program%20Files/AnyLogic%208.9%20Personal%20Learning%20Edition/plugins/com.anylogic.graphics3d_8.9.8.202602271015/static/init.js (7)
[0606/170109.946:INFO:CONSOLE(13)] "Loaded: file:C:/Users/zacwy/Downloads/HTX_Technical_Test/SETUP_1/3d/officeworker.dae", source: file:///C:/Program%20Files/AnyLogic%208.9%20Personal%20Learning%20Edition/plugins/com.anylogic.graphics3d_8.9.8.202602271015/static/init.js (13)
[0606/170109.948:INFO:CONSOLE(13)] "Loaded: file:C:/Users/zacwy/Downloads/HTX_Technical_Test/SETUP_1/3d/officeworker.dae", source: file:///C:/Program%20Files/AnyLogic%208.9%20Personal%20Learning%20Edition/plugins/com.anylogic.graphics3d_8.9.8.202602271015/static/init.js (13)
[0606/170122.772:INFO:CONSOLE(7)] "THREE.ColladaLoader: File version 1.4.0", source: file:///C:/Program%20Files/AnyLogic%208.9%20Personal%20Learning%20Edition/plugins/com.anylogic.graphics3d_8.9.8.202602271015/static/init.js (7)
[0606/170122.784:INFO:CONSOLE(13)] "Loaded: file:C:/Users/zacwy/Downloads/HTX_Technical_Test/SETUP_1/3d/person.dae", source: file:///C:/Program%20Files/AnyLogic%208.9%20Personal%20Learning%20Edition/plugins/com.anylogic.graphics3d_8.9.8.202602271015/static/init.js (13)
[0606/170122.787:INFO:CONSOLE(13)] "Loaded: file:C:/Users/zacwy/Downloads/HTX_Technical_Test/SETUP_1/3d/person.dae", source: file:///C:/Program%20Files/AnyLogic%208.9%20Personal%20Learning%20Edition/plugins/com.anylogic.graphics3d_8.9.8.202602271015/static/init.js (13)
[0606/170122.799:INFO:CONSOLE(7)] "THREE.ColladaLoader: File version 1.4.0", source: file:///C:/Program%20Files/AnyLogic%208.9%20Personal%20Learning%20Edition/plugins/com.anylogic.graphics3d_8.9.8.202602271015/static/init.js (7)
[0606/170122.803:INFO:CONSOLE(13)] "Loaded: file:C:/Users/zacwy/Downloads/HTX_Technical_Test/SETUP_1/3d/suitcase_1.dae", source: file:///C:/Program%20Files/AnyLogic%208.9%20Personal%20Learning%20Edition/plugins/com.anylogic.graphics3d_8.9.8.202602271015/static/init.js (13)
[0606/170122.806:INFO:CONSOLE(13)] "Loaded: file:C:/Users/zacwy/Downloads/HTX_Technical_Test/SETUP_1/3d/suitcase_1.dae", source: file:///C:/Program%20Files/AnyLogic%208.9%20Personal%20Learning%20Edition/plugins/com.anylogic.graphics3d_8.9.8.202602271015/static/init.js (13)
[0606/170308.154:ERROR:gpu_init.cc(523)] Passthrough is not supported, GL is disabled, ANGLE is 
[0606/180818.800:INFO:CONSOLE(7)] "THREE.ColladaLoader: File version 1.4.0", source: file:///C:/Program%20Files/AnyLogic%208.9%20Personal%20Learning%20Edition/plugins/com.anylogic.graphics3d_8.9.8.202602271015/static/init.js (7)
[0606/180818.806:INFO:CONSOLE(13)] "Loaded: file:C:/Users/zacwy/Downloads/HTX_Technical_Test/SETUP_1/3d/detector.dae", source: file:///C:/Program%20Files/AnyLogic%208.9%20Personal%20Learning%20Edition/plugins/com.anylogic.graphics3d_8.9.8.202602271015/static/init.js (13)
[0606/180818.812:INFO:CONSOLE(13)] "Loaded: file:C:/Users/zacwy/Downloads/HTX_Technical_Test/SETUP_1/3d/detector.dae", source: file:///C:/Program%20Files/AnyLogic%208.9%20Personal%20Learning%20Edition/plugins/com.anylogic.graphics3d_8.9.8.202602271015/static/init.js (13)
[0606/180818.850:INFO:CONSOLE(7)] "THREE.ColladaLoader: File version 1.4.0", source: file:///C:/Program%20Files/AnyLogic%208.9%20Personal%20Learning%20Edition/plugins/com.anylogic.graphics3d_8.9.8.202602271015/static/init.js (7)
[0606/180818.853:INFO:CONSOLE(13)] "Loaded: file:C:/Users/zacwy/Downloads/HTX_Technical_Test/SETUP_1/3d/xray.dae", source: file:///C:/Program%20Files/AnyLogic%208.9%20Personal%20Learning%20Edition/plugins/com.anylogic.graphics3d_8.9.8.202602271015/static/init.js (13)
[0606/180818.856:INFO:CONSOLE(13)] "Loaded: file:C:/Users/zacwy/Downloads/HTX_Technical_Test/SETUP_1/3d/xray.dae", source: file:///C:/Program%20Files/AnyLogic%208.9%20Personal%20Learning%20Edition/plugins/com.anylogic.graphics3d_8.9.8.202602271015/static/init.js (13)
[0606/180819.039:INFO:CONSOLE(7)] "THREE.ColladaLoader: File version 1.4.0", source: file:///C:/Program%20Files/AnyLogic%208.9%20Personal%20Learning%20Edition/plugins/com.anylogic.graphics3d_8.9.8.202602271015/static/init.js (7)
[0606/180819.043:INFO:CONSOLE(13)] "Loaded: file:C:/Users/zacwy/Downloads/HTX_Technical_Test/SETUP_1/3d/turnstile_open.dae", source: file:///C:/Program%20Files/AnyLogic%208.9%20Personal%20Learning%20Edition/plugins/com.anylogic.graphics3d_8.9.8.202602271015/static/init.js (13)
[0606/180819.046:INFO:CONSOLE(13)] "Loaded: file:C:/Users/zacwy/Downloads/HTX_Technical_Test/SETUP_1/3d/turnstile_open.dae", source: file:///C:/Program%20Files/AnyLogic%208.9%20Personal%20Learning%20Edition/plugins/com.anylogic.graphics3d_8.9.8.202602271015/static/init.js (13)
[0606/180819.053:INFO:CONSOLE(7)] "THREE.ColladaLoader: File version 1.4.0", source: file:///C:/Program%20Files/AnyLogic%208.9%20Personal%20Learning%20Edition/plugins/com.anylogic.graphics3d_8.9.8.202602271015/static/init.js (7)
[0606/180819.055:INFO:CONSOLE(13)] "Loaded: file:C:/Users/zacwy/Downloads/HTX_Technical_Test/SETUP_1/3d/reseption_2.dae", source: file:///C:/Program%20Files/AnyLogic%208.9%20Personal%20Learning%20Edition/plugins/com.anylogic.graphics3d_8.9.8.202602271015/static/init.js (13)
[0606/180819.057:INFO:CONSOLE(13)] "Loaded: file:C:/Users/zacwy/Downloads/HTX_Technical_Test/SETUP_1/3d/reseption_2.dae", source: file:///C:/Program%20Files/AnyLogic%208.9%20Personal%20Learning%20Edition/plugins/com.anylogic.graphics3d_8.9.8.202602271015/static/init.js (13)
[0606/180819.065:INFO:CONSOLE(7)] "THREE.ColladaLoader: File version 1.4.0", source: file:///C:/Program%20Files/AnyLogic%208.9%20Personal%20Learning%20Edition/plugins/com.anylogic.graphics3d_8.9.8.202602271015/static/init.js (7)
[0606/180819.066:INFO:CONSOLE(13)] "Loaded: file:C:/Users/zacwy/Downloads/HTX_Technical_Test/SETUP_1/3d/monitor_on.dae", source: file:///C:/Program%20Files/AnyLogic%208.9%20Personal%20Learning%20Edition/plugins/com.anylogic.graphics3d_8.9.8.202602271015/static/init.js (13)
[0606/180819.069:INFO:CONSOLE(13)] "Loaded: file:C:/Users/zacwy/Downloads/HTX_Technical_Test/SETUP_1/3d/monitor_on.dae", source: file:///C:/Program%20Files/AnyLogic%208.9%20Personal%20Learning%20Edition/plugins/com.anylogic.graphics3d_8.9.8.202602271015/static/init.js (13)
[0606/180819.077:INFO:CONSOLE(7)] "THREE.ColladaLoader: File version 1.4.0", source: file:///C:/Program%20Files/AnyLogic%208.9%20Personal%20Learning%20Edition/plugins/com.anylogic.graphics3d_8.9.8.202602271015/static/init.js (7)
[0606/180819.078:INFO:CONSOLE(13)] "Loaded: file:C:/Users/zacwy/Downloads/HTX_Technical_Test/SETUP_1/3d/chair.dae", source: file:///C:/Program%20Files/AnyLogic%208.9%20Personal%20Learning%20Edition/plugins/com.anylogic.graphics3d_8.9.8.202602271015/static/init.js (13)
[0606/180819.080:INFO:CONSOLE(13)] "Loaded: file:C:/Users/zacwy/Downloads/HTX_Technical_Test/SETUP_1/3d/chair.dae", source: file:///C:/Program%20Files/AnyLogic%208.9%20Personal%20Learning%20Edition/plugins/com.anylogic.graphics3d_8.9.8.202602271015/static/init.js (13)
[0606/180819.090:INFO:CONSOLE(7)] "THREE.ColladaLoader: File version 1.4.0", source: file:///C:/Program%20Files/AnyLogic%208.9%20Personal%20Learning%20Edition/plugins/com.anylogic.graphics3d_8.9.8.202602271015/static/init.js (7)
[0606/180819.093:INFO:CONSOLE(13)] "Loaded: file:C:/Users/zacwy/Downloads/HTX_Technical_Test/SETUP_1/3d/table_3.dae", source: file:///C:/Program%20Files/AnyLogic%208.9%20Personal%20Learning%20Edition/plugins/com.anylogic.graphics3d_8.9.8.202602271015/static/init.js (13)
[0606/180819.096:INFO:CONSOLE(13)] "Loaded: file:C:/Users/zacwy/Downloads/HTX_Technical_Test/SETUP_1/3d/table_3.dae", source: file:///C:/Program%20Files/AnyLogic%208.9%20Personal%20Learning%20Edition/plugins/com.anylogic.graphics3d_8.9.8.202602271015/static/init.js (13)
[0606/180819.102:INFO:CONSOLE(7)] "THREE.ColladaLoader: File version 1.4.0", source: file:///C:/Program%20Files/AnyLogic%208.9%20Personal%20Learning%20Edition/plugins/com.anylogic.graphics3d_8.9.8.202602271015/static/init.js (7)
[0606/180819.108:INFO:CONSOLE(13)] "Loaded: file:C:/Users/zacwy/Downloads/HTX_Technical_Test/SETUP_1/3d/officeworker.dae", source: file:///C:/Program%20Files/AnyLogic%208.9%20Personal%20Learning%20Edition/plugins/com.anylogic.graphics3d_8.9.8.202602271015/static/init.js (13)
[0606/180819.112:INFO:CONSOLE(13)] "Loaded: file:C:/Users/zacwy/Downloads/HTX_Technical_Test/SETUP_1/3d/officeworker.dae", source: file:///C:/Program%20Files/AnyLogic%208.9%20Personal%20Learning%20Edition/plugins/com.anylogic.graphics3d_8.9.8.202602271015/static/init.js (13)
[0606/181017.416:ERROR:gpu_init.cc(523)] Passthrough is not supported, GL is disabled, ANGLE is 
[0606/182417.001:INFO:CONSOLE(7)] "THREE.ColladaLoader: File version 1.4.0", source: file:///C:/Program%20Files/AnyLogic%208.9%20Personal%20Learning%20Edition/plugins/com.anylogic.graphics3d_8.9.8.202602271015/static/init.js (7)
[0606/182417.008:INFO:CONSOLE(13)] "Loaded: file:C:/Users/zacwy/Downloads/HTX_Technical_Test/SETUP_1/3d/detector.dae", source: file:///C:/Program%20Files/AnyLogic%208.9%20Personal%20Learning%20Edition/plugins/com.anylogic.graphics3d_8.9.8.202602271015/static/init.js (13)
[0606/182417.012:INFO:CONSOLE(13)] "Loaded: file:C:/Users/zacwy/Downloads/HTX_Technical_Test/SETUP_1/3d/detector.dae", source: file:///C:/Program%20Files/AnyLogic%208.9%20Personal%20Learning%20Edition/plugins/com.anylogic.graphics3d_8.9.8.202602271015/static/init.js (13)
[0606/182417.054:INFO:CONSOLE(7)] "THREE.ColladaLoader: File version 1.4.0", source: file:///C:/Program%20Files/AnyLogic%208.9%20Personal%20Learning%20Edition/plugins/com.anylogic.graphics3d_8.9.8.202602271015/static/init.js (7)
[0606/182417.058:INFO:CONSOLE(13)] "Loaded: file:C:/Users/zacwy/Downloads/HTX_Technical_Test/SETUP_1/3d/xray.dae", source: file:///C:/Program%20Files/AnyLogic%208.9%20Personal%20Learning%20Edition/plugins/com.anylogic.graphics3d_8.9.8.202602271015/static/init.js (13)
[0606/182417.061:INFO:CONSOLE(13)] "Loaded: file:C:/Users/zacwy/Downloads/HTX_Technical_Test/SETUP_1/3d/xray.dae", source: file:///C:/Program%20Files/AnyLogic%208.9%20Personal%20Learning%20Edition/plugins/com.anylogic.graphics3d_8.9.8.202602271015/static/init.js (13)
[0606/182417.246:INFO:CONSOLE(7)] "THREE.ColladaLoader: File version 1.4.0", source: file:///C:/Program%20Files/AnyLogic%208.9%20Personal%20Learning%20Edition/plugins/com.anylogic.graphics3d_8.9.8.202602271015/static/init.js (7)
[0606/182417.252:INFO:CONSOLE(13)] "Loaded: file:C:/Users/zacwy/Downloads/HTX_Technical_Test/SETUP_1/3d/turnstile_open.dae", source: file:///C:/Program%20Files/AnyLogic%208.9%20Personal%20Learning%20Edition/plugins/com.anylogic.graphics3d_8.9.8.202602271015/static/init.js (13)
[0606/182417.254:INFO:CONSOLE(13)] "Loaded: file:C:/Users/zacwy/Downloads/HTX_Technical_Test/SETUP_1/3d/turnstile_open.dae", source: file:///C:/Program%20Files/AnyLogic%208.9%20Personal%20Learning%20Edition/plugins/com.anylogic.graphics3d_8.9.8.202602271015/static/init.js (13)
[0606/182417.263:INFO:CONSOLE(7)] "THREE.ColladaLoader: File version 1.4.0", source: file:///C:/Program%20Files/AnyLogic%208.9%20Personal%20Learning%20Edition/plugins/com.anylogic.graphics3d_8.9.8.202602271015/static/init.js (7)
[0606/182417.265:INFO:CONSOLE(13)] "Loaded: file:C:/Users/zacwy/Downloads/HTX_Technical_Test/SETUP_1/3d/reseption_2.dae", source: file:///C:/Program%20Files/AnyLogic%208.9%20Personal%20Learning%20Edition/plugins/com.anylogic.graphics3d_8.9.8.202602271015/static/init.js (13)
[0606/182417.267:INFO:CONSOLE(13)] "Loaded: file:C:/Users/zacwy/Downloads/HTX_Technical_Test/SETUP_1/3d/reseption_2.dae", source: file:///C:/Program%20Files/AnyLogic%208.9%20Personal%20Learning%20Edition/plugins/com.anylogic.graphics3d_8.9.8.202602271015/static/init.js (13)
[0606/182417.274:INFO:CONSOLE(7)] "THREE.ColladaLoader: File version 1.4.0", source: file:///C:/Program%20Files/AnyLogic%208.9%20Personal%20Learning%20Edition/plugins/com.anylogic.graphics3d_8.9.8.202602271015/static/init.js (7)
[0606/182417.276:INFO:CONSOLE(13)] "Loaded: file:C:/Users/zacwy/Downloads/HTX_Technical_Test/SETUP_1/3d/monitor_on.dae", source: file:///C:/Program%20Files/AnyLogic%208.9%20Personal%20Learning%20Edition/plugins/com.anylogic.graphics3d_8.9.8.202602271015/static/init.js (13)
[0606/182417.278:INFO:CONSOLE(13)] "Loaded: file:C:/Users/zacwy/Downloads/HTX_Technical_Test/SETUP_1/3d/monitor_on.dae", source: file:///C:/Program%20Files/AnyLogic%208.9%20Personal%20Learning%20Edition/plugins/com.anylogic.graphics3d_8.9.8.202602271015/static/init.js (13)
[0606/182417.285:INFO:CONSOLE(7)] "THREE.ColladaLoader: File version 1.4.0", source: file:///C:/Program%20Files/AnyLogic%208.9%20Personal%20Learning%20Edition/plugins/com.anylogic.graphics3d_8.9.8.202602271015/static/init.js (7)
[0606/182417.286:INFO:CONSOLE(13)] "Loaded: file:C:/Users/zacwy/Downloads/HTX_Technical_Test/SETUP_1/3d/chair.dae", source: file:///C:/Program%20Files/AnyLogic%208.9%20Personal%20Learning%20Edition/plugins/com.anylogic.graphics3d_8.9.8.202602271015/static/init.js (13)
[0606/182417.289:INFO:CONSOLE(13)] "Loaded: file:C:/Users/zacwy/Downloads/HTX_Technical_Test/SETUP_1/3d/chair.dae", source: file:///C:/Program%20Files/AnyLogic%208.9%20Personal%20Learning%20Edition/plugins/com.anylogic.graphics3d_8.9.8.202602271015/static/init.js (13)
[0606/182417.299:INFO:CONSOLE(7)] "THREE.ColladaLoader: File version 1.4.0", source: file:///C:/Program%20Files/AnyLogic%208.9%20Personal%20Learning%20Edition/plugins/com.anylogic.graphics3d_8.9.8.202602271015/static/init.js (7)
[0606/182417.301:INFO:CONSOLE(13)] "Loaded: file:C:/Users/zacwy/Downloads/HTX_Technical_Test/SETUP_1/3d/table_3.dae", source: file:///C:/Program%20Files/AnyLogic%208.9%20Personal%20Learning%20Edition/plugins/com.anylogic.graphics3d_8.9.8.202602271015/static/init.js (13)
[0606/182417.303:INFO:CONSOLE(13)] "Loaded: file:C:/Users/zacwy/Downloads/HTX_Technical_Test/SETUP_1/3d/table_3.dae", source: file:///C:/Program%20Files/AnyLogic%208.9%20Personal%20Learning%20Edition/plugins/com.anylogic.graphics3d_8.9.8.202602271015/static/init.js (13)
[0606/182417.310:INFO:CONSOLE(7)] "THREE.ColladaLoader: File version 1.4.0", source: file:///C:/Program%20Files/AnyLogic%208.9%20Personal%20Learning%20Edition/plugins/com.anylogic.graphics3d_8.9.8.202602271015/static/init.js (7)
[0606/182417.316:INFO:CONSOLE(13)] "Loaded: file:C:/Users/zacwy/Downloads/HTX_Technical_Test/SETUP_1/3d/officeworker.dae", source: file:///C:/Program%20Files/AnyLogic%208.9%20Personal%20Learning%20Edition/plugins/com.anylogic.graphics3d_8.9.8.202602271015/static/init.js (13)
[0606/182417.318:INFO:CONSOLE(13)] "Loaded: file:C:/Users/zacwy/Downloads/HTX_Technical_Test/SETUP_1/3d/officeworker.dae", source: file:///C:/Program%20Files/AnyLogic%208.9%20Personal%20Learning%20Edition/plugins/com.anylogic.graphics3d_8.9.8.202602271015/static/init.js (13)
[0606/182513.114:INFO:CONSOLE(7)] "THREE.ColladaLoader: File version 1.4.0", source: file:///C:/Program%20Files/AnyLogic%208.9%20Personal%20Learning%20Edition/plugins/com.anylogic.graphics3d_8.9.8.202602271015/static/init.js (7)
[0606/182513.116:INFO:CONSOLE(13)] "Loaded: file:C:/Users/zacwy/Downloads/HTX_Technical_Test/SETUP_2/3d/detector.dae", source: file:///C:/Program%20Files/AnyLogic%208.9%20Personal%20Learning%20Edition/plugins/com.anylogic.graphics3d_8.9.8.202602271015/static/init.js (13)
[0606/182513.120:INFO:CONSOLE(13)] "Loaded: file:C:/Users/zacwy/Downloads/HTX_Technical_Test/SETUP_2/3d/detector.dae", source: file:///C:/Program%20Files/AnyLogic%208.9%20Personal%20Learning%20Edition/plugins/com.anylogic.graphics3d_8.9.8.202602271015/static/init.js (13)
[0606/182513.128:INFO:CONSOLE(7)] "THREE.ColladaLoader: File version 1.4.0", source: file:///C:/Program%20Files/AnyLogic%208.9%20Personal%20Learning%20Edition/plugins/com.anylogic.graphics3d_8.9.8.202602271015/static/init.js (7)
[0606/182513.129:INFO:CONSOLE(13)] "Loaded: file:C:/Users/zacwy/Downloads/HTX_Technical_Test/SETUP_2/3d/xray.dae", source: file:///C:/Program%20Files/AnyLogic%208.9%20Personal%20Learning%20Edition/plugins/com.anylogic.graphics3d_8.9.8.202602271015/static/init.js (13)
[0606/182513.132:INFO:CONSOLE(13)] "Loaded: file:C:/Users/zacwy/Downloads/HTX_Technical_Test/SETUP_2/3d/xray.dae", source: file:///C:/Program%20Files/AnyLogic%208.9%20Personal%20Learning%20Edition/plugins/com.anylogic.graphics3d_8.9.8.202602271015/static/init.js (13)
[0606/182513.154:INFO:CONSOLE(7)] "THREE.ColladaLoader: File version 1.4.0", source: file:///C:/Program%20Files/AnyLogic%208.9%20Personal%20Learning%20Edition/plugins/com.anylogic.graphics3d_8.9.8.202602271015/static/init.js (7)
[0606/182513.157:INFO:CONSOLE(13)] "Loaded: file:C:/Users/zacwy/Downloads/HTX_Technical_Test/SETUP_2/3d/turnstile_open.dae", source: file:///C:/Program%20Files/AnyLogic%208.9%20Personal%20Learning%20Edition/plugins/com.anylogic.graphics3d_8.9.8.202602271015/static/init.js (13)
[0606/182513.160:INFO:CONSOLE(13)] "Loaded: file:C:/Users/zacwy/Downloads/HTX_Technical_Test/SETUP_2/3d/turnstile_open.dae", source: file:///C:/Program%20Files/AnyLogic%208.9%20Personal%20Learning%20Edition/plugins/com.anylogic.graphics3d_8.9.8.202602271015/static/init.js (13)
[0606/182513.168:INFO:CONSOLE(7)] "THREE.ColladaLoader: File version 1.4.0", source: file:///C:/Program%20Files/AnyLogic%208.9%20Personal%20Learning%20Edition/plugins/com.anylogic.graphics3d_8.9.8.202602271015/static/init.js (7)
[0606/182513.169:INFO:CONSOLE(13)] "Loaded: file:C:/Users/zacwy/Downloads/HTX_Technical_Test/SETUP_2/3d/reseption_2.dae", source: file:///C:/Program%20Files/AnyLogic%208.9%20Personal%20Learning%20Edition/plugins/com.anylogic.graphics3d_8.9.8.202602271015/static/init.js (13)
[0606/182513.172:INFO:CONSOLE(13)] "Loaded: file:C:/Users/zacwy/Downloads/HTX_Technical_Test/SETUP_2/3d/reseption_2.dae", source: file:///C:/Program%20Files/AnyLogic%208.9%20Personal%20Learning%20Edition/plugins/com.anylogic.graphics3d_8.9.8.202602271015/static/init.js (13)
[0606/182513.180:INFO:CONSOLE(7)] "THREE.ColladaLoader: File version 1.4.0", source: file:///C:/Program%20Files/AnyLogic%208.9%20Personal%20Learning%20Edition/plugins/com.anylogic.graphics3d_8.9.8.202602271015/static/init.js (7)
[0606/182513.181:INFO:CONSOLE(13)] "Loaded: file:C:/Users/zacwy/Downloads/HTX_Technical_Test/SETUP_2/3d/monitor_on.dae", source: file:///C:/Program%20Files/AnyLogic%208.9%20Personal%20Learning%20Edition/plugins/com.anylogic.graphics3d_8.9.8.202602271015/static/init.js (13)
[0606/182513.183:INFO:CONSOLE(13)] "Loaded: file:C:/Users/zacwy/Downloads/HTX_Technical_Test/SETUP_2/3d/monitor_on.dae", source: file:///C:/Program%20Files/AnyLogic%208.9%20Personal%20Learning%20Edition/plugins/com.anylogic.graphics3d_8.9.8.202602271015/static/init.js (13)
[0606/182513.192:INFO:CONSOLE(7)] "THREE.ColladaLoader: File version 1.4.0", source: file:///C:/Program%20Files/AnyLogic%208.9%20Personal%20Learning%20Edition/plugins/com.anylogic.graphics3d_8.9.8.202602271015/static/init.js (7)
[0606/182513.195:INFO:CONSOLE(13)] "Loaded: file:C:/Users/zacwy/Downloads/HTX_Technical_Test/SETUP_2/3d/chair.dae", source: file:///C:/Program%20Files/AnyLogic%208.9%20Personal%20Learning%20Edition/plugins/com.anylogic.graphics3d_8.9.8.202602271015/static/init.js (13)
[0606/182513.197:INFO:CONSOLE(13)] "Loaded: file:C:/Users/zacwy/Downloads/HTX_Technical_Test/SETUP_2/3d/chair.dae", source: file:///C:/Program%20Files/AnyLogic%208.9%20Personal%20Learning%20Edition/plugins/com.anylogic.graphics3d_8.9.8.202602271015/static/init.js (13)
[0606/182513.208:INFO:CONSOLE(7)] "THREE.ColladaLoader: File version 1.4.0", source: file:///C:/Program%20Files/AnyLogic%208.9%20Personal%20Learning%20Edition/plugins/com.anylogic.graphics3d_8.9.8.202602271015/static/init.js (7)
[0606/182513.212:INFO:CONSOLE(13)] "Loaded: file:C:/Users/zacwy/Downloads/HTX_Technical_Test/SETUP_2/3d/table_3.dae", source: file:///C:/Program%20Files/AnyLogic%208.9%20Personal%20Learning%20Edition/plugins/com.anylogic.graphics3d_8.9.8.202602271015/static/init.js (13)
[0606/182513.215:INFO:CONSOLE(13)] "Loaded: file:C:/Users/zacwy/Downloads/HTX_Technical_Test/SETUP_2/3d/table_3.dae", source: file:///C:/Program%20Files/AnyLogic%208.9%20Personal%20Learning%20Edition/plugins/com.anylogic.graphics3d_8.9.8.202602271015/static/init.js (13)
[0606/182513.224:INFO:CONSOLE(7)] "THREE.ColladaLoader: File version 1.4.0", source: file:///C:/Program%20Files/AnyLogic%208.9%20Personal%20Learning%20Edition/plugins/com.anylogic.graphics3d_8.9.8.202602271015/static/init.js (7)
[0606/182513.231:INFO:CONSOLE(13)] "Loaded: file:C:/Users/zacwy/Downloads/HTX_Technical_Test/SETUP_2/3d/officeworker.dae", source: file:///C:/Program%20Files/AnyLogic%208.9%20Personal%20Learning%20Edition/plugins/com.anylogic.graphics3d_8.9.8.202602271015/static/init.js (13)
[0606/182513.233:INFO:CONSOLE(13)] "Loaded: file:C:/Users/zacwy/Downloads/HTX_Technical_Test/SETUP_2/3d/officeworker.dae", source: file:///C:/Program%20Files/AnyLogic%208.9%20Personal%20Learning%20Edition/plugins/com.anylogic.graphics3d_8.9.8.202602271015/static/init.js (13)
[0606/182615.603:ERROR:gpu_init.cc(523)] Passthrough is not supported, GL is disabled, ANGLE is 
[0606/185553.654:INFO:CONSOLE(7)] "THREE.ColladaLoader: File version 1.4.0", source: file:///C:/Program%20Files/AnyLogic%208.9%20Personal%20Learning%20Edition/plugins/com.anylogic.graphics3d_8.9.8.202602271015/static/init.js (7)
[0606/185553.661:INFO:CONSOLE(13)] "Loaded: file:C:/Users/zacwy/Downloads/HTX_Technical_Test/SETUP_1/3d/detector.dae", source: file:///C:/Program%20Files/AnyLogic%208.9%20Personal%20Learning%20Edition/plugins/com.anylogic.graphics3d_8.9.8.202602271015/static/init.js (13)
[0606/185553.665:INFO:CONSOLE(13)] "Loaded: file:C:/Users/zacwy/Downloads/HTX_Technical_Test/SETUP_1/3d/detector.dae", source: file:///C:/Program%20Files/AnyLogic%208.9%20Personal%20Learning%20Edition/plugins/com.anylogic.graphics3d_8.9.8.202602271015/static/init.js (13)
[0606/185553.708:INFO:CONSOLE(7)] "THREE.ColladaLoader: File version 1.4.0", source: file:///C:/Program%20Files/AnyLogic%208.9%20Personal%20Learning%20Edition/plugins/com.anylogic.graphics3d_8.9.8.202602271015/static/init.js (7)
[0606/185553.711:INFO:CONSOLE(13)] "Loaded: file:C:/Users/zacwy/Downloads/HTX_Technical_Test/SETUP_1/3d/xray.dae", source: file:///C:/Program%20Files/AnyLogic%208.9%20Personal%20Learning%20Edition/plugins/com.anylogic.graphics3d_8.9.8.202602271015/static/init.js (13)
[0606/185553.714:INFO:CONSOLE(13)] "Loaded: file:C:/Users/zacwy/Downloads/HTX_Technical_Test/SETUP_1/3d/xray.dae", source: file:///C:/Program%20Files/AnyLogic%208.9%20Personal%20Learning%20Edition/plugins/com.anylogic.graphics3d_8.9.8.202602271015/static/init.js (13)
[0606/185553.933:INFO:CONSOLE(7)] "THREE.ColladaLoader: File version 1.4.0", source: file:///C:/Program%20Files/AnyLogic%208.9%20Personal%20Learning%20Edition/plugins/com.anylogic.graphics3d_8.9.8.202602271015/static/init.js (7)
[0606/185553.937:INFO:CONSOLE(13)] "Loaded: file:C:/Users/zacwy/Downloads/HTX_Technical_Test/SETUP_1/3d/turnstile_open.dae", source: file:///C:/Program%20Files/AnyLogic%208.9%20Personal%20Learning%20Edition/plugins/com.anylogic.graphics3d_8.9.8.202602271015/static/init.js (13)
[0606/185553.938:INFO:CONSOLE(13)] "Loaded: file:C:/Users/zacwy/Downloads/HTX_Technical_Test/SETUP_1/3d/turnstile_open.dae", source: file:///C:/Program%20Files/AnyLogic%208.9%20Personal%20Learning%20Edition/plugins/com.anylogic.graphics3d_8.9.8.202602271015/static/init.js (13)
[0606/185553.946:INFO:CONSOLE(7)] "THREE.ColladaLoader: File version 1.4.0", source: file:///C:/Program%20Files/AnyLogic%208.9%20Personal%20Learning%20Edition/plugins/com.anylogic.graphics3d_8.9.8.202602271015/static/init.js (7)
[0606/185553.948:INFO:CONSOLE(13)] "Loaded: file:C:/Users/zacwy/Downloads/HTX_Technical_Test/SETUP_1/3d/reseption_2.dae", source: file:///C:/Program%20Files/AnyLogic%208.9%20Personal%20Learning%20Edition/plugins/com.anylogic.graphics3d_8.9.8.202602271015/static/init.js (13)
[0606/185553.949:INFO:CONSOLE(13)] "Loaded: file:C:/Users/zacwy/Downloads/HTX_Technical_Test/SETUP_1/3d/reseption_2.dae", source: file:///C:/Program%20Files/AnyLogic%208.9%20Personal%20Learning%20Edition/plugins/com.anylogic.graphics3d_8.9.8.202602271015/static/init.js (13)
[0606/185553.956:INFO:CONSOLE(7)] "THREE.ColladaLoader: File version 1.4.0", source: file:///C:/Program%20Files/AnyLogic%208.9%20Personal%20Learning%20Edition/plugins/com.anylogic.graphics3d_8.9.8.202602271015/static/init.js (7)
[0606/185553.958:INFO:CONSOLE(13)] "Loaded: file:C:/Users/zacwy/Downloads/HTX_Technical_Test/SETUP_1/3d/monitor_on.dae", source: file:///C:/Program%20Files/AnyLogic%208.9%20Personal%20Learning%20Edition/plugins/com.anylogic.graphics3d_8.9.8.202602271015/static/init.js (13)
[0606/185553.959:INFO:CONSOLE(13)] "Loaded: file:C:/Users/zacwy/Downloads/HTX_Technical_Test/SETUP_1/3d/monitor_on.dae", source: file:///C:/Program%20Files/AnyLogic%208.9%20Personal%20Learning%20Edition/plugins/com.anylogic.graphics3d_8.9.8.202602271015/static/init.js (13)
[0606/185553.967:INFO:CONSOLE(7)] "THREE.ColladaLoader: File version 1.4.0", source: file:///C:/Program%20Files/AnyLogic%208.9%20Personal%20Learning%20Edition/plugins/com.anylogic.graphics3d_8.9.8.202602271015/static/init.js (7)
[0606/185553.968:INFO:CONSOLE(13)] "Loaded: file:C:/Users/zacwy/Downloads/HTX_Technical_Test/SETUP_1/3d/chair.dae", source: file:///C:/Program%20Files/AnyLogic%208.9%20Personal%20Learning%20Edition/plugins/com.anylogic.graphics3d_8.9.8.202602271015/static/init.js (13)
[0606/185553.970:INFO:CONSOLE(13)] "Loaded: file:C:/Users/zacwy/Downloads/HTX_Technical_Test/SETUP_1/3d/chair.dae", source: file:///C:/Program%20Files/AnyLogic%208.9%20Personal%20Learning%20Edition/plugins/com.anylogic.graphics3d_8.9.8.202602271015/static/init.js (13)
[0606/185553.979:INFO:CONSOLE(7)] "THREE.ColladaLoader: File version 1.4.0", source: file:///C:/Program%20Files/AnyLogic%208.9%20Personal%20Learning%20Edition/plugins/com.anylogic.graphics3d_8.9.8.202602271015/static/init.js (7)
[0606/185553.983:INFO:CONSOLE(13)] "Loaded: file:C:/Users/zacwy/Downloads/HTX_Technical_Test/SETUP_1/3d/table_3.dae", source: file:///C:/Program%20Files/AnyLogic%208.9%20Personal%20Learning%20Edition/plugins/com.anylogic.graphics3d_8.9.8.202602271015/static/init.js (13)
[0606/185553.985:INFO:CONSOLE(13)] "Loaded: file:C:/Users/zacwy/Downloads/HTX_Technical_Test/SETUP_1/3d/table_3.dae", source: file:///C:/Program%20Files/AnyLogic%208.9%20Personal%20Learning%20Edition/plugins/com.anylogic.graphics3d_8.9.8.202602271015/static/init.js (13)
[0606/185553.992:INFO:CONSOLE(7)] "THREE.ColladaLoader: File version 1.4.0", source: file:///C:/Program%20Files/AnyLogic%208.9%20Personal%20Learning%20Edition/plugins/com.anylogic.graphics3d_8.9.8.202602271015/static/init.js (7)
[0606/185553.997:INFO:CONSOLE(13)] "Loaded: file:C:/Users/zacwy/Downloads/HTX_Technical_Test/SETUP_1/3d/officeworker.dae", source: file:///C:/Program%20Files/AnyLogic%208.9%20Personal%20Learning%20Edition/plugins/com.anylogic.graphics3d_8.9.8.202602271015/static/init.js (13)
[0606/185553.999:INFO:CONSOLE(13)] "Loaded: file:C:/Users/zacwy/Downloads/HTX_Technical_Test/SETUP_1/3d/officeworker.dae", source: file:///C:/Program%20Files/AnyLogic%208.9%20Personal%20Learning%20Edition/plugins/com.anylogic.graphics3d_8.9.8.202602271015/static/init.js (13)
[0606/185752.237:ERROR:gpu_init.cc(523)] Passthrough is not supported, GL is disabled, ANGLE is 
[0606/185916.500:INFO:CONSOLE(7)] "THREE.ColladaLoader: File version 1.4.0", source: file:///C:/Program%20Files/AnyLogic%208.9%20Personal%20Learning%20Edition/plugins/com.anylogic.graphics3d_8.9.8.202602271015/static/init.js (7)
[0606/185916.526:INFO:CONSOLE(13)] "Loaded: file:C:/Users/zacwy/Downloads/HTX_Technical_Test/SETUP_1/3d/person.dae", source: file:///C:/Program%20Files/AnyLogic%208.9%20Personal%20Learning%20Edition/plugins/com.anylogic.graphics3d_8.9.8.202602271015/static/init.js (13)
[0606/185916.530:INFO:CONSOLE(13)] "Loaded: file:C:/Users/zacwy/Downloads/HTX_Technical_Test/SETUP_1/3d/person.dae", source: file:///C:/Program%20Files/AnyLogic%208.9%20Personal%20Learning%20Edition/plugins/com.anylogic.graphics3d_8.9.8.202602271015/static/init.js (13)
[0606/185916.540:INFO:CONSOLE(7)] "THREE.ColladaLoader: File version 1.4.0", source: file:///C:/Program%20Files/AnyLogic%208.9%20Personal%20Learning%20Edition/plugins/com.anylogic.graphics3d_8.9.8.202602271015/static/init.js (7)
[0606/185916.546:INFO:CONSOLE(13)] "Loaded: file:C:/Users/zacwy/Downloads/HTX_Technical_Test/SETUP_1/3d/suitcase_1.dae", source: file:///C:/Program%20Files/AnyLogic%208.9%20Personal%20Learning%20Edition/plugins/com.anylogic.graphics3d_8.9.8.202602271015/static/init.js (13)
[0606/185916.549:INFO:CONSOLE(13)] "Loaded: file:C:/Users/zacwy/Downloads/HTX_Technical_Test/SETUP_1/3d/suitcase_1.dae", source: file:///C:/Program%20Files/AnyLogic%208.9%20Personal%20Learning%20Edition/plugins/com.anylogic.graphics3d_8.9.8.202602271015/static/init.js (13)
