[0605/042642.224:INFO:CONSOLE(7)] "THREE.ColladaLoader: File version 1.4.0", source: file:///C:/Program%20Files/AnyLogic%208.9%20Personal%20Learning%20Edition/plugins/com.anylogic.graphics3d_8.9.8.202602271015/static/init.js (7)
[0605/042642.230:INFO:CONSOLE(13)] "Loaded: file:C:/Users/zacwy/Downloads/HTX_Technical_Test/SETUP_2/3d/detector.dae", source: file:///C:/Program%20Files/AnyLogic%208.9%20Personal%20Learning%20Edition/plugins/com.anylogic.graphics3d_8.9.8.202602271015/static/init.js (13)
[0605/042642.236:INFO:CONSOLE(13)] "Loaded: file:C:/Users/zacwy/Downloads/HTX_Technical_Test/SETUP_2/3d/detector.dae", source: file:///C:/Program%20Files/AnyLogic%208.9%20Personal%20Learning%20Edition/plugins/com.anylogic.graphics3d_8.9.8.202602271015/static/init.js (13)
[0605/042642.276:INFO:CONSOLE(7)] "THREE.ColladaLoader: File version 1.4.0", source: file:///C:/Program%20Files/AnyLogic%208.9%20Personal%20Learning%20Edition/plugins/com.anylogic.graphics3d_8.9.8.202602271015/static/init.js (7)
[0605/042642.280:INFO:CONSOLE(13)] "Loaded: file:C:/Users/zacwy/Downloads/HTX_Technical_Test/SETUP_2/3d/xray.dae", source: file:///C:/Program%20Files/AnyLogic%208.9%20Personal%20Learning%20Edition/plugins/com.anylogic.graphics3d_8.9.8.202602271015/static/init.js (13)
[0605/042642.283:INFO:CONSOLE(13)] "Loaded: file:C:/Users/zacwy/Downloads/HTX_Technical_Test/SETUP_2/3d/xray.dae", source: file:///C:/Program%20Files/AnyLogic%208.9%20Personal%20Learning%20Edition/plugins/com.anylogic.graphics3d_8.9.8.202602271015/static/init.js (13)
[0605/042642.543:INFO:CONSOLE(7)] "THREE.ColladaLoader: File version 1.4.0", source: file:///C:/Program%20Files/AnyLogic%208.9%20Personal%20Learning%20Edition/plugins/com.anylogic.graphics3d_8.9.8.202602271015/static/init.js (7)
[0605/042642.547:INFO:CONSOLE(13)] "Loaded: file:C:/Users/zacwy/Downloads/HTX_Technical_Test/SETUP_2/3d/turnstile_open.dae", source: file:///C:/Program%20Files/AnyLogic%208.9%20Personal%20Learning%20Edition/plugins/com.anylogic.graphics3d_8.9.8.202602271015/static/init.js (13)
[0605/042642.551:INFO:CONSOLE(13)] "Loaded: file:C:/Users/zacwy/Downloads/HTX_Technical_Test/SETUP_2/3d/turnstile_open.dae", source: file:///C:/Program%20Files/AnyLogic%208.9%20Personal%20Learning%20Edition/plugins/com.anylogic.graphics3d_8.9.8.202602271015/static/init.js (13)
[0605/042642.558:INFO:CONSOLE(7)] "THREE.ColladaLoader: File version 1.4.0", source: file:///C:/Program%20Files/AnyLogic%208.9%20Personal%20Learning%20Edition/plugins/com.anylogic.graphics3d_8.9.8.202602271015/static/init.js (7)
[0605/042642.561:INFO:CONSOLE(13)] "Loaded: file:C:/Users/zacwy/Downloads/HTX_Technical_Test/SETUP_2/3d/reseption_2.dae", source: file:///C:/Program%20Files/AnyLogic%208.9%20Personal%20Learning%20Edition/plugins/com.anylogic.graphics3d_8.9.8.202602271015/static/init.js (13)
[0605/042642.564:INFO:CONSOLE(13)] "Loaded: file:C:/Users/zacwy/Downloads/HTX_Technical_Test/SETUP_2/3d/reseption_2.dae", source: file:///C:/Program%20Files/AnyLogic%208.9%20Personal%20Learning%20Edition/plugins/com.anylogic.graphics3d_8.9.8.202602271015/static/init.js (13)
[0605/042642.571:INFO:CONSOLE(7)] "THREE.ColladaLoader: File version 1.4.0", source: file:///C:/Program%20Files/AnyLogic%208.9%20Personal%20Learning%20Edition/plugins/com.anylogic.graphics3d_8.9.8.202602271015/static/init.js (7)
[0605/042642.572:INFO:CONSOLE(13)] "Loaded: file:C:/Users/zacwy/Downloads/HTX_Technical_Test/SETUP_2/3d/monitor_on.dae", source: file:///C:/Program%20Files/AnyLogic%208.9%20Personal%20Learning%20Edition/plugins/com.anylogic.graphics3d_8.9.8.202602271015/static/init.js (13)
[0605/042642.575:INFO:CONSOLE(13)] "Loaded: file:C:/Users/zacwy/Downloads/HTX_Technical_Test/SETUP_2/3d/monitor_on.dae", source: file:///C:/Program%20Files/AnyLogic%208.9%20Personal%20Learning%20Edition/plugins/com.anylogic.graphics3d_8.9.8.202602271015/static/init.js (13)
[0605/042642.583:INFO:CONSOLE(7)] "THREE.ColladaLoader: File version 1.4.0", source: file:///C:/Program%20Files/AnyLogic%208.9%20Personal%20Learning%20Edition/plugins/com.anylogic.graphics3d_8.9.8.202602271015/static/init.js (7)
[0605/042642.584:INFO:CONSOLE(13)] "Loaded: file:C:/Users/zacwy/Downloads/HTX_Technical_Test/SETUP_2/3d/chair.dae", source: file:///C:/Program%20Files/AnyLogic%208.9%20Personal%20Learning%20Edition/plugins/com.anylogic.graphics3d_8.9.8.202602271015/static/init.js (13)
[0605/042642.586:INFO:CONSOLE(13)] "Loaded: file:C:/Users/zacwy/Downloads/HTX_Technical_Test/SETUP_2/3d/chair.dae", source: file:///C:/Program%20Files/AnyLogic%208.9%20Personal%20Learning%20Edition/plugins/com.anylogic.graphics3d_8.9.8.202602271015/static/init.js (13)
[0605/042642.596:INFO:CONSOLE(7)] "THREE.ColladaLoader: File version 1.4.0", source: file:///C:/Program%20Files/AnyLogic%208.9%20Personal%20Learning%20Edition/plugins/com.anylogic.graphics3d_8.9.8.202602271015/static/init.js (7)
[0605/042642.598:INFO:CONSOLE(13)] "Loaded: file:C:/Users/zacwy/Downloads/HTX_Technical_Test/SETUP_2/3d/table_3.dae", source: file:///C:/Program%20Files/AnyLogic%208.9%20Personal%20Learning%20Edition/plugins/com.anylogic.graphics3d_8.9.8.202602271015/static/init.js (13)
[0605/042642.600:INFO:CONSOLE(13)] "Loaded: file:C:/Users/zacwy/Downloads/HTX_Technical_Test/SETUP_2/3d/table_3.dae", source: file:///C:/Program%20Files/AnyLogic%208.9%20Personal%20Learning%20Edition/plugins/com.anylogic.graphics3d_8.9.8.202602271015/static/init.js (13)
[0605/042642.607:INFO:CONSOLE(7)] "THREE.ColladaLoader: File version 1.4.0", source: file:///C:/Program%20Files/AnyLogic%208.9%20Personal%20Learning%20Edition/plugins/com.anylogic.graphics3d_8.9.8.202602271015/static/init.js (7)
[0605/042642.613:INFO:CONSOLE(13)] "Loaded: file:C:/Users/zacwy/Downloads/HTX_Technical_Test/SETUP_2/3d/officeworker.dae", source: file:///C:/Program%20Files/AnyLogic%208.9%20Personal%20Learning%20Edition/plugins/com.anylogic.graphics3d_8.9.8.202602271015/static/init.js (13)
[0605/042642.616:INFO:CONSOLE(13)] "Loaded: file:C:/Users/zacwy/Downloads/HTX_Technical_Test/SETUP_2/3d/officeworker.dae", source: file:///C:/Program%20Files/AnyLogic%208.9%20Personal%20Learning%20Edition/plugins/com.anylogic.graphics3d_8.9.8.202602271015/static/init.js (13)
[0605/042752.832:INFO:CONSOLE(7)] "THREE.ColladaLoader: File version 1.4.0", source: file:///C:/Program%20Files/AnyLogic%208.9%20Personal%20Learning%20Edition/plugins/com.anylogic.graphics3d_8.9.8.202602271015/static/init.js (7)
[0605/042752.845:INFO:CONSOLE(13)] "Loaded: file:C:/Users/zacwy/Downloads/HTX_Technical_Test/SETUP_2/3d/person.dae", source: file:///C:/Program%20Files/AnyLogic%208.9%20Personal%20Learning%20Edition/plugins/com.anylogic.graphics3d_8.9.8.202602271015/static/init.js (13)
[0605/042752.847:INFO:CONSOLE(13)] "Loaded: file:C:/Users/zacwy/Downloads/HTX_Technical_Test/SETUP_2/3d/person.dae", source: file:///C:/Program%20Files/AnyLogic%208.9%20Personal%20Learning%20Edition/plugins/com.anylogic.graphics3d_8.9.8.202602271015/static/init.js (13)
[0605/042752.858:INFO:CONSOLE(7)] "THREE.ColladaLoader: File version 1.4.0", source: file:///C:/Program%20Files/AnyLogic%208.9%20Personal%20Learning%20Edition/plugins/com.anylogic.graphics3d_8.9.8.202602271015/static/init.js (7)
[0605/042752.861:INFO:CONSOLE(13)] "Loaded: file:C:/Users/zacwy/Downloads/HTX_Technical_Test/SETUP_2/3d/suitcase_1.dae", source: file:///C:/Program%20Files/AnyLogic%208.9%20Personal%20Learning%20Edition/plugins/com.anylogic.graphics3d_8.9.8.202602271015/static/init.js (13)
[0605/042752.863:INFO:CONSOLE(13)] "Loaded: file:C:/Users/zacwy/Downloads/HTX_Technical_Test/SETUP_2/3d/suitcase_1.dae", source: file:///C:/Program%20Files/AnyLogic%208.9%20Personal%20Learning%20Edition/plugins/com.anylogic.graphics3d_8.9.8.202602271015/static/init.js (13)
[0605/042840.761:ERROR:gpu_init.cc(523)] Passthrough is not supported, GL is disabled, ANGLE is 
[0605/050110.616:INFO:CONSOLE(7)] "THREE.ColladaLoader: File version 1.4.0", source: file:///C:/Program%20Files/AnyLogic%208.9%20Personal%20Learning%20Edition/plugins/com.anylogic.graphics3d_8.9.8.202602271015/static/init.js (7)
[0605/050110.623:INFO:CONSOLE(13)] "Loaded: file:C:/Users/zacwy/Downloads/HTX_Technical_Test/SETUP_2/3d/detector.dae", source: file:///C:/Program%20Files/AnyLogic%208.9%20Personal%20Learning%20Edition/plugins/com.anylogic.graphics3d_8.9.8.202602271015/static/init.js (13)
[0605/050110.627:INFO:CONSOLE(13)] "Loaded: file:C:/Users/zacwy/Downloads/HTX_Technical_Test/SETUP_2/3d/detector.dae", source: file:///C:/Program%20Files/AnyLogic%208.9%20Personal%20Learning%20Edition/plugins/com.anylogic.graphics3d_8.9.8.202602271015/static/init.js (13)
[0605/050110.675:INFO:CONSOLE(7)] "THREE.ColladaLoader: File version 1.4.0", source: file:///C:/Program%20Files/AnyLogic%208.9%20Personal%20Learning%20Edition/plugins/com.anylogic.graphics3d_8.9.8.202602271015/static/init.js (7)
[0605/050110.679:INFO:CONSOLE(13)] "Loaded: file:C:/Users/zacwy/Downloads/HTX_Technical_Test/SETUP_2/3d/xray.dae", source: file:///C:/Program%20Files/AnyLogic%208.9%20Personal%20Learning%20Edition/plugins/com.anylogic.graphics3d_8.9.8.202602271015/static/init.js (13)
[0605/050110.682:INFO:CONSOLE(13)] "Loaded: file:C:/Users/zacwy/Downloads/HTX_Technical_Test/SETUP_2/3d/xray.dae", source: file:///C:/Program%20Files/AnyLogic%208.9%20Personal%20Learning%20Edition/plugins/com.anylogic.graphics3d_8.9.8.202602271015/static/init.js (13)
[0605/050110.881:INFO:CONSOLE(7)] "THREE.ColladaLoader: File version 1.4.0", source: file:///C:/Program%20Files/AnyLogic%208.9%20Personal%20Learning%20Edition/plugins/com.anylogic.graphics3d_8.9.8.202602271015/static/init.js (7)
[0605/050110.886:INFO:CONSOLE(13)] "Loaded: file:C:/Users/zacwy/Downloads/HTX_Technical_Test/SETUP_2/3d/turnstile_open.dae", source: file:///C:/Program%20Files/AnyLogic%208.9%20Personal%20Learning%20Edition/plugins/com.anylogic.graphics3d_8.9.8.202602271015/static/init.js (13)
[0605/050110.888:INFO:CONSOLE(13)] "Loaded: file:C:/Users/zacwy/Downloads/HTX_Technical_Test/SETUP_2/3d/turnstile_open.dae", source: file:///C:/Program%20Files/AnyLogic%208.9%20Personal%20Learning%20Edition/plugins/com.anylogic.graphics3d_8.9.8.202602271015/static/init.js (13)
[0605/050110.896:INFO:CONSOLE(7)] "THREE.ColladaLoader: File version 1.4.0", source: file:///C:/Program%20Files/AnyLogic%208.9%20Personal%20Learning%20Edition/plugins/com.anylogic.graphics3d_8.9.8.202602271015/static/init.js (7)
[0605/050110.898:INFO:CONSOLE(13)] "Loaded: file:C:/Users/zacwy/Downloads/HTX_Technical_Test/SETUP_2/3d/reseption_2.dae", source: file:///C:/Program%20Files/AnyLogic%208.9%20Personal%20Learning%20Edition/plugins/com.anylogic.graphics3d_8.9.8.202602271015/static/init.js (13)
[0605/050110.900:INFO:CONSOLE(13)] "Loaded: file:C:/Users/zacwy/Downloads/HTX_Technical_Test/SETUP_2/3d/reseption_2.dae", source: file:///C:/Program%20Files/AnyLogic%208.9%20Personal%20Learning%20Edition/plugins/com.anylogic.graphics3d_8.9.8.202602271015/static/init.js (13)
[0605/050110.907:INFO:CONSOLE(7)] "THREE.ColladaLoader: File version 1.4.0", source: file:///C:/Program%20Files/AnyLogic%208.9%20Personal%20Learning%20Edition/plugins/com.anylogic.graphics3d_8.9.8.202602271015/static/init.js (7)
[0605/050110.908:INFO:CONSOLE(13)] "Loaded: file:C:/Users/zacwy/Downloads/HTX_Technical_Test/SETUP_2/3d/monitor_on.dae", source: file:///C:/Program%20Files/AnyLogic%208.9%20Personal%20Learning%20Edition/plugins/com.anylogic.graphics3d_8.9.8.202602271015/static/init.js (13)
[0605/050110.910:INFO:CONSOLE(13)] "Loaded: file:C:/Users/zacwy/Downloads/HTX_Technical_Test/SETUP_2/3d/monitor_on.dae", source: file:///C:/Program%20Files/AnyLogic%208.9%20Personal%20Learning%20Edition/plugins/com.anylogic.graphics3d_8.9.8.202602271015/static/init.js (13)
[0605/050110.919:INFO:CONSOLE(7)] "THREE.ColladaLoader: File version 1.4.0", source: file:///C:/Program%20Files/AnyLogic%208.9%20Personal%20Learning%20Edition/plugins/com.anylogic.graphics3d_8.9.8.202602271015/static/init.js (7)
[0605/050110.920:INFO:CONSOLE(13)] "Loaded: file:C:/Users/zacwy/Downloads/HTX_Technical_Test/SETUP_2/3d/chair.dae", source: file:///C:/Program%20Files/AnyLogic%208.9%20Personal%20Learning%20Edition/plugins/com.anylogic.graphics3d_8.9.8.202602271015/static/init.js (13)
[0605/050110.922:INFO:CONSOLE(13)] "Loaded: file:C:/Users/zacwy/Downloads/HTX_Technical_Test/SETUP_2/3d/chair.dae", source: file:///C:/Program%20Files/AnyLogic%208.9%20Personal%20Learning%20Edition/plugins/com.anylogic.graphics3d_8.9.8.202602271015/static/init.js (13)
[0605/050110.933:INFO:CONSOLE(7)] "THREE.ColladaLoader: File version 1.4.0", source: file:///C:/Program%20Files/AnyLogic%208.9%20Personal%20Learning%20Edition/plugins/com.anylogic.graphics3d_8.9.8.202602271015/static/init.js (7)
[0605/050110.936:INFO:CONSOLE(13)] "Loaded: file:C:/Users/zacwy/Downloads/HTX_Technical_Test/SETUP_2/3d/table_3.dae", source: file:///C:/Program%20Files/AnyLogic%208.9%20Personal%20Learning%20Edition/plugins/com.anylogic.graphics3d_8.9.8.202602271015/static/init.js (13)
[0605/050110.938:INFO:CONSOLE(13)] "Loaded: file:C:/Users/zacwy/Downloads/HTX_Technical_Test/SETUP_2/3d/table_3.dae", source: file:///C:/Program%20Files/AnyLogic%208.9%20Personal%20Learning%20Edition/plugins/com.anylogic.graphics3d_8.9.8.202602271015/static/init.js (13)
[0605/050110.945:INFO:CONSOLE(7)] "THREE.ColladaLoader: File version 1.4.0", source: file:///C:/Program%20Files/AnyLogic%208.9%20Personal%20Learning%20Edition/plugins/com.anylogic.graphics3d_8.9.8.202602271015/static/init.js (7)
[0605/050110.951:INFO:CONSOLE(13)] "Loaded: file:C:/Users/zacwy/Downloads/HTX_Technical_Test/SETUP_2/3d/officeworker.dae", source: file:///C:/Program%20Files/AnyLogic%208.9%20Personal%20Learning%20Edition/plugins/com.anylogic.graphics3d_8.9.8.202602271015/static/init.js (13)
[0605/050110.953:INFO:CONSOLE(13)] "Loaded: file:C:/Users/zacwy/Downloads/HTX_Technical_Test/SETUP_2/3d/officeworker.dae", source: file:///C:/Program%20Files/AnyLogic%208.9%20Personal%20Learning%20Edition/plugins/com.anylogic.graphics3d_8.9.8.202602271015/static/init.js (13)
[0605/050117.233:INFO:CONSOLE(7)] "THREE.ColladaLoader: File version 1.4.0", source: file:///C:/Program%20Files/AnyLogic%208.9%20Personal%20Learning%20Edition/plugins/com.anylogic.graphics3d_8.9.8.202602271015/static/init.js (7)
[0605/050117.243:INFO:CONSOLE(13)] "Loaded: file:C:/Users/zacwy/Downloads/HTX_Technical_Test/SETUP_2/3d/person.dae", source: file:///C:/Program%20Files/AnyLogic%208.9%20Personal%20Learning%20Edition/plugins/com.anylogic.graphics3d_8.9.8.202602271015/static/init.js (13)
[0605/050117.247:INFO:CONSOLE(13)] "Loaded: file:C:/Users/zacwy/Downloads/HTX_Technical_Test/SETUP_2/3d/person.dae", source: file:///C:/Program%20Files/AnyLogic%208.9%20Personal%20Learning%20Edition/plugins/com.anylogic.graphics3d_8.9.8.202602271015/static/init.js (13)
[0605/050117.259:INFO:CONSOLE(7)] "THREE.ColladaLoader: File version 1.4.0", source: file:///C:/Program%20Files/AnyLogic%208.9%20Personal%20Learning%20Edition/plugins/com.anylogic.graphics3d_8.9.8.202602271015/static/init.js (7)
[0605/050117.262:INFO:CONSOLE(13)] "Loaded: file:C:/Users/zacwy/Downloads/HTX_Technical_Test/SETUP_2/3d/suitcase_1.dae", source: file:///C:/Program%20Files/AnyLogic%208.9%20Personal%20Learning%20Edition/plugins/com.anylogic.graphics3d_8.9.8.202602271015/static/init.js (13)
[0605/050117.264:INFO:CONSOLE(13)] "Loaded: file:C:/Users/zacwy/Downloads/HTX_Technical_Test/SETUP_2/3d/suitcase_1.dae", source: file:///C:/Program%20Files/AnyLogic%208.9%20Personal%20Learning%20Edition/plugins/com.anylogic.graphics3d_8.9.8.202602271015/static/init.js (13)
[0605/050717.841:INFO:CONSOLE(7)] "THREE.ColladaLoader: File version 1.4.0", source: file:///C:/Program%20Files/AnyLogic%208.9%20Personal%20Learning%20Edition/plugins/com.anylogic.graphics3d_8.9.8.202602271015/static/init.js (7)
[0605/050717.848:INFO:CONSOLE(13)] "Loaded: file:C:/Users/zacwy/Downloads/HTX_Technical_Test/SETUP_2/3d/detector.dae", source: file:///C:/Program%20Files/AnyLogic%208.9%20Personal%20Learning%20Edition/plugins/com.anylogic.graphics3d_8.9.8.202602271015/static/init.js (13)
[0605/050717.852:INFO:CONSOLE(13)] "Loaded: file:C:/Users/zacwy/Downloads/HTX_Technical_Test/SETUP_2/3d/detector.dae", source: file:///C:/Program%20Files/AnyLogic%208.9%20Personal%20Learning%20Edition/plugins/com.anylogic.graphics3d_8.9.8.202602271015/static/init.js (13)
[0605/050717.890:INFO:CONSOLE(7)] "THREE.ColladaLoader: File version 1.4.0", source: file:///C:/Program%20Files/AnyLogic%208.9%20Personal%20Learning%20Edition/plugins/com.anylogic.graphics3d_8.9.8.202602271015/static/init.js (7)
[0605/050717.893:INFO:CONSOLE(13)] "Loaded: file:C:/Users/zacwy/Downloads/HTX_Technical_Test/SETUP_2/3d/xray.dae", source: file:///C:/Program%20Files/AnyLogic%208.9%20Personal%20Learning%20Edition/plugins/com.anylogic.graphics3d_8.9.8.202602271015/static/init.js (13)
[0605/050717.896:INFO:CONSOLE(13)] "Loaded: file:C:/Users/zacwy/Downloads/HTX_Technical_Test/SETUP_2/3d/xray.dae", source: file:///C:/Program%20Files/AnyLogic%208.9%20Personal%20Learning%20Edition/plugins/com.anylogic.graphics3d_8.9.8.202602271015/static/init.js (13)
[0605/050718.089:INFO:CONSOLE(7)] "THREE.ColladaLoader: File version 1.4.0", source: file:///C:/Program%20Files/AnyLogic%208.9%20Personal%20Learning%20Edition/plugins/com.anylogic.graphics3d_8.9.8.202602271015/static/init.js (7)
[0605/050718.094:INFO:CONSOLE(13)] "Loaded: file:C:/Users/zacwy/Downloads/HTX_Technical_Test/SETUP_2/3d/turnstile_open.dae", source: file:///C:/Program%20Files/AnyLogic%208.9%20Personal%20Learning%20Edition/plugins/com.anylogic.graphics3d_8.9.8.202602271015/static/init.js (13)
[0605/050718.096:INFO:CONSOLE(13)] "Loaded: file:C:/Users/zacwy/Downloads/HTX_Technical_Test/SETUP_2/3d/turnstile_open.dae", source: file:///C:/Program%20Files/AnyLogic%208.9%20Personal%20Learning%20Edition/plugins/com.anylogic.graphics3d_8.9.8.202602271015/static/init.js (13)
[0605/050718.103:INFO:CONSOLE(7)] "THREE.ColladaLoader: File version 1.4.0", source: file:///C:/Program%20Files/AnyLogic%208.9%20Personal%20Learning%20Edition/plugins/com.anylogic.graphics3d_8.9.8.202602271015/static/init.js (7)
[0605/050718.105:INFO:CONSOLE(13)] "Loaded: file:C:/Users/zacwy/Downloads/HTX_Technical_Test/SETUP_2/3d/reseption_2.dae", source: file:///C:/Program%20Files/AnyLogic%208.9%20Personal%20Learning%20Edition/plugins/com.anylogic.graphics3d_8.9.8.202602271015/static/init.js (13)
[0605/050718.107:INFO:CONSOLE(13)] "Loaded: file:C:/Users/zacwy/Downloads/HTX_Technical_Test/SETUP_2/3d/reseption_2.dae", source: file:///C:/Program%20Files/AnyLogic%208.9%20Personal%20Learning%20Edition/plugins/com.anylogic.graphics3d_8.9.8.202602271015/static/init.js (13)
[0605/050718.122:INFO:CONSOLE(7)] "THREE.ColladaLoader: File version 1.4.0", source: file:///C:/Program%20Files/AnyLogic%208.9%20Personal%20Learning%20Edition/plugins/com.anylogic.graphics3d_8.9.8.202602271015/static/init.js (7)
[0605/050718.123:INFO:CONSOLE(13)] "Loaded: file:C:/Users/zacwy/Downloads/HTX_Technical_Test/SETUP_2/3d/monitor_on.dae", source: file:///C:/Program%20Files/AnyLogic%208.9%20Personal%20Learning%20Edition/plugins/com.anylogic.graphics3d_8.9.8.202602271015/static/init.js (13)
[0605/050718.125:INFO:CONSOLE(13)] "Loaded: file:C:/Users/zacwy/Downloads/HTX_Technical_Test/SETUP_2/3d/monitor_on.dae", source: file:///C:/Program%20Files/AnyLogic%208.9%20Personal%20Learning%20Edition/plugins/com.anylogic.graphics3d_8.9.8.202602271015/static/init.js (13)
[0605/050718.133:INFO:CONSOLE(7)] "THREE.ColladaLoader: File version 1.4.0", source: file:///C:/Program%20Files/AnyLogic%208.9%20Personal%20Learning%20Edition/plugins/com.anylogic.graphics3d_8.9.8.202602271015/static/init.js (7)
[0605/050718.134:INFO:CONSOLE(13)] "Loaded: file:C:/Users/zacwy/Downloads/HTX_Technical_Test/SETUP_2/3d/chair.dae", source: file:///C:/Program%20Files/AnyLogic%208.9%20Personal%20Learning%20Edition/plugins/com.anylogic.graphics3d_8.9.8.202602271015/static/init.js (13)
[0605/050718.136:INFO:CONSOLE(13)] "Loaded: file:C:/Users/zacwy/Downloads/HTX_Technical_Test/SETUP_2/3d/chair.dae", source: file:///C:/Program%20Files/AnyLogic%208.9%20Personal%20Learning%20Edition/plugins/com.anylogic.graphics3d_8.9.8.202602271015/static/init.js (13)
[0605/050718.145:INFO:CONSOLE(7)] "THREE.ColladaLoader: File version 1.4.0", source: file:///C:/Program%20Files/AnyLogic%208.9%20Personal%20Learning%20Edition/plugins/com.anylogic.graphics3d_8.9.8.202602271015/static/init.js (7)
[0605/050718.148:INFO:CONSOLE(13)] "Loaded: file:C:/Users/zacwy/Downloads/HTX_Technical_Test/SETUP_2/3d/table_3.dae", source: file:///C:/Program%20Files/AnyLogic%208.9%20Personal%20Learning%20Edition/plugins/com.anylogic.graphics3d_8.9.8.202602271015/static/init.js (13)
[0605/050718.150:INFO:CONSOLE(13)] "Loaded: file:C:/Users/zacwy/Downloads/HTX_Technical_Test/SETUP_2/3d/table_3.dae", source: file:///C:/Program%20Files/AnyLogic%208.9%20Personal%20Learning%20Edition/plugins/com.anylogic.graphics3d_8.9.8.202602271015/static/init.js (13)
[0605/050718.155:INFO:CONSOLE(7)] "THREE.ColladaLoader: File version 1.4.0", source: file:///C:/Program%20Files/AnyLogic%208.9%20Personal%20Learning%20Edition/plugins/com.anylogic.graphics3d_8.9.8.202602271015/static/init.js (7)
[0605/050718.162:INFO:CONSOLE(13)] "Loaded: file:C:/Users/zacwy/Downloads/HTX_Technical_Test/SETUP_2/3d/officeworker.dae", source: file:///C:/Program%20Files/AnyLogic%208.9%20Personal%20Learning%20Edition/plugins/com.anylogic.graphics3d_8.9.8.202602271015/static/init.js (13)
[0605/050718.164:INFO:CONSOLE(13)] "Loaded: file:C:/Users/zacwy/Downloads/HTX_Technical_Test/SETUP_2/3d/officeworker.dae", source: file:///C:/Program%20Files/AnyLogic%208.9%20Personal%20Learning%20Edition/plugins/com.anylogic.graphics3d_8.9.8.202602271015/static/init.js (13)
[0605/050807.956:INFO:CONSOLE(7)] "THREE.ColladaLoader: File version 1.4.0", source: file:///C:/Program%20Files/AnyLogic%208.9%20Personal%20Learning%20Edition/plugins/com.anylogic.graphics3d_8.9.8.202602271015/static/init.js (7)
[0605/050807.969:INFO:CONSOLE(13)] "Loaded: file:C:/Users/zacwy/Downloads/HTX_Technical_Test/SETUP_2/3d/person.dae", source: file:///C:/Program%20Files/AnyLogic%208.9%20Personal%20Learning%20Edition/plugins/com.anylogic.graphics3d_8.9.8.202602271015/static/init.js (13)
[0605/050807.972:INFO:CONSOLE(13)] "Loaded: file:C:/Users/zacwy/Downloads/HTX_Technical_Test/SETUP_2/3d/person.dae", source: file:///C:/Program%20Files/AnyLogic%208.9%20Personal%20Learning%20Edition/plugins/com.anylogic.graphics3d_8.9.8.202602271015/static/init.js (13)
[0605/050807.983:INFO:CONSOLE(7)] "THREE.ColladaLoader: File version 1.4.0", source: file:///C:/Program%20Files/AnyLogic%208.9%20Personal%20Learning%20Edition/plugins/com.anylogic.graphics3d_8.9.8.202602271015/static/init.js (7)
[0605/050807.985:INFO:CONSOLE(13)] "Loaded: file:C:/Users/zacwy/Downloads/HTX_Technical_Test/SETUP_2/3d/suitcase_1.dae", source: file:///C:/Program%20Files/AnyLogic%208.9%20Personal%20Learning%20Edition/plugins/com.anylogic.graphics3d_8.9.8.202602271015/static/init.js (13)
[0605/050807.988:INFO:CONSOLE(13)] "Loaded: file:C:/Users/zacwy/Downloads/HTX_Technical_Test/SETUP_2/3d/suitcase_1.dae", source: file:///C:/Program%20Files/AnyLogic%208.9%20Personal%20Learning%20Edition/plugins/com.anylogic.graphics3d_8.9.8.202602271015/static/init.js (13)
[0605/050916.408:ERROR:gpu_init.cc(523)] Passthrough is not supported, GL is disabled, ANGLE is 
[0606/170910.034:INFO:CONSOLE(7)] "THREE.ColladaLoader: File version 1.4.0", source: file:///C:/Program%20Files/AnyLogic%208.9%20Personal%20Learning%20Edition/plugins/com.anylogic.graphics3d_8.9.8.202602271015/static/init.js (7)
[0606/170910.042:INFO:CONSOLE(13)] "Loaded: file:C:/Users/zacwy/Downloads/HTX_Technical_Test/SETUP_2/3d/detector.dae", source: file:///C:/Program%20Files/AnyLogic%208.9%20Personal%20Learning%20Edition/plugins/com.anylogic.graphics3d_8.9.8.202602271015/static/init.js (13)
[0606/170910.047:INFO:CONSOLE(13)] "Loaded: file:C:/Users/zacwy/Downloads/HTX_Technical_Test/SETUP_2/3d/detector.dae", source: file:///C:/Program%20Files/AnyLogic%208.9%20Personal%20Learning%20Edition/plugins/com.anylogic.graphics3d_8.9.8.202602271015/static/init.js (13)
[0606/170910.084:INFO:CONSOLE(7)] "THREE.ColladaLoader: File version 1.4.0", source: file:///C:/Program%20Files/AnyLogic%208.9%20Personal%20Learning%20Edition/plugins/com.anylogic.graphics3d_8.9.8.202602271015/static/init.js (7)
[0606/170910.087:INFO:CONSOLE(13)] "Loaded: file:C:/Users/zacwy/Downloads/HTX_Technical_Test/SETUP_2/3d/xray.dae", source: file:///C:/Program%20Files/AnyLogic%208.9%20Personal%20Learning%20Edition/plugins/com.anylogic.graphics3d_8.9.8.202602271015/static/init.js (13)
[0606/170910.089:INFO:CONSOLE(13)] "Loaded: file:C:/Users/zacwy/Downloads/HTX_Technical_Test/SETUP_2/3d/xray.dae", source: file:///C:/Program%20Files/AnyLogic%208.9%20Personal%20Learning%20Edition/plugins/com.anylogic.graphics3d_8.9.8.202602271015/static/init.js (13)
[0606/170910.275:INFO:CONSOLE(7)] "THREE.ColladaLoader: File version 1.4.0", source: file:///C:/Program%20Files/AnyLogic%208.9%20Personal%20Learning%20Edition/plugins/com.anylogic.graphics3d_8.9.8.202602271015/static/init.js (7)
[0606/170910.279:INFO:CONSOLE(13)] "Loaded: file:C:/Users/zacwy/Downloads/HTX_Technical_Test/SETUP_2/3d/turnstile_open.dae", source: file:///C:/Program%20Files/AnyLogic%208.9%20Personal%20Learning%20Edition/plugins/com.anylogic.graphics3d_8.9.8.202602271015/static/init.js (13)
[0606/170910.280:INFO:CONSOLE(13)] "Loaded: file:C:/Users/zacwy/Downloads/HTX_Technical_Test/SETUP_2/3d/turnstile_open.dae", source: file:///C:/Program%20Files/AnyLogic%208.9%20Personal%20Learning%20Edition/plugins/com.anylogic.graphics3d_8.9.8.202602271015/static/init.js (13)
[0606/170910.289:INFO:CONSOLE(7)] "THREE.ColladaLoader: File version 1.4.0", source: file:///C:/Program%20Files/AnyLogic%208.9%20Personal%20Learning%20Edition/plugins/com.anylogic.graphics3d_8.9.8.202602271015/static/init.js (7)
[0606/170910.291:INFO:CONSOLE(13)] "Loaded: file:C:/Users/zacwy/Downloads/HTX_Technical_Test/SETUP_2/3d/reseption_2.dae", source: file:///C:/Program%20Files/AnyLogic%208.9%20Personal%20Learning%20Edition/plugins/com.anylogic.graphics3d_8.9.8.202602271015/static/init.js (13)
[0606/170910.292:INFO:CONSOLE(13)] "Loaded: file:C:/Users/zacwy/Downloads/HTX_Technical_Test/SETUP_2/3d/reseption_2.dae", source: file:///C:/Program%20Files/AnyLogic%208.9%20Personal%20Learning%20Edition/plugins/com.anylogic.graphics3d_8.9.8.202602271015/static/init.js (13)
[0606/170910.299:INFO:CONSOLE(7)] "THREE.ColladaLoader: File version 1.4.0", source: file:///C:/Program%20Files/AnyLogic%208.9%20Personal%20Learning%20Edition/plugins/com.anylogic.graphics3d_8.9.8.202602271015/static/init.js (7)
[0606/170910.301:INFO:CONSOLE(13)] "Loaded: file:C:/Users/zacwy/Downloads/HTX_Technical_Test/SETUP_2/3d/monitor_on.dae", source: file:///C:/Program%20Files/AnyLogic%208.9%20Personal%20Learning%20Edition/plugins/com.anylogic.graphics3d_8.9.8.202602271015/static/init.js (13)
[0606/170910.303:INFO:CONSOLE(13)] "Loaded: file:C:/Users/zacwy/Downloads/HTX_Technical_Test/SETUP_2/3d/monitor_on.dae", source: file:///C:/Program%20Files/AnyLogic%208.9%20Personal%20Learning%20Edition/plugins/com.anylogic.graphics3d_8.9.8.202602271015/static/init.js (13)
[0606/170910.310:INFO:CONSOLE(7)] "THREE.ColladaLoader: File version 1.4.0", source: file:///C:/Program%20Files/AnyLogic%208.9%20Personal%20Learning%20Edition/plugins/com.anylogic.graphics3d_8.9.8.202602271015/static/init.js (7)
[0606/170910.311:INFO:CONSOLE(13)] "Loaded: file:C:/Users/zacwy/Downloads/HTX_Technical_Test/SETUP_2/3d/chair.dae", source: file:///C:/Program%20Files/AnyLogic%208.9%20Personal%20Learning%20Edition/plugins/com.anylogic.graphics3d_8.9.8.202602271015/static/init.js (13)
[0606/170910.314:INFO:CONSOLE(13)] "Loaded: file:C:/Users/zacwy/Downloads/HTX_Technical_Test/SETUP_2/3d/chair.dae", source: file:///C:/Program%20Files/AnyLogic%208.9%20Personal%20Learning%20Edition/plugins/com.anylogic.graphics3d_8.9.8.202602271015/static/init.js (13)
[0606/170910.323:INFO:CONSOLE(7)] "THREE.ColladaLoader: File version 1.4.0", source: file:///C:/Program%20Files/AnyLogic%208.9%20Personal%20Learning%20Edition/plugins/com.anylogic.graphics3d_8.9.8.202602271015/static/init.js (7)
[0606/170910.326:INFO:CONSOLE(13)] "Loaded: file:C:/Users/zacwy/Downloads/HTX_Technical_Test/SETUP_2/3d/table_3.dae", source: file:///C:/Program%20Files/AnyLogic%208.9%20Personal%20Learning%20Edition/plugins/com.anylogic.graphics3d_8.9.8.202602271015/static/init.js (13)
[0606/170910.328:INFO:CONSOLE(13)] "Loaded: file:C:/Users/zacwy/Downloads/HTX_Technical_Test/SETUP_2/3d/table_3.dae", source: file:///C:/Program%20Files/AnyLogic%208.9%20Personal%20Learning%20Edition/plugins/com.anylogic.graphics3d_8.9.8.202602271015/static/init.js (13)
[0606/170910.334:INFO:CONSOLE(7)] "THREE.ColladaLoader: File version 1.4.0", source: file:///C:/Program%20Files/AnyLogic%208.9%20Personal%20Learning%20Edition/plugins/com.anylogic.graphics3d_8.9.8.202602271015/static/init.js (7)
[0606/170910.340:INFO:CONSOLE(13)] "Loaded: file:C:/Users/zacwy/Downloads/HTX_Technical_Test/SETUP_2/3d/officeworker.dae", source: file:///C:/Program%20Files/AnyLogic%208.9%20Personal%20Learning%20Edition/plugins/com.anylogic.graphics3d_8.9.8.202602271015/static/init.js (13)
[0606/170910.342:INFO:CONSOLE(13)] "Loaded: file:C:/Users/zacwy/Downloads/HTX_Technical_Test/SETUP_2/3d/officeworker.dae", source: file:///C:/Program%20Files/AnyLogic%208.9%20Personal%20Learning%20Edition/plugins/com.anylogic.graphics3d_8.9.8.202602271015/static/init.js (13)
[0606/170953.092:INFO:CONSOLE(7)] "THREE.ColladaLoader: File version 1.4.0", source: file:///C:/Program%20Files/AnyLogic%208.9%20Personal%20Learning%20Edition/plugins/com.anylogic.graphics3d_8.9.8.202602271015/static/init.js (7)
[0606/170953.105:INFO:CONSOLE(13)] "Loaded: file:C:/Users/zacwy/Downloads/HTX_Technical_Test/SETUP_2/3d/person.dae", source: file:///C:/Program%20Files/AnyLogic%208.9%20Personal%20Learning%20Edition/plugins/com.anylogic.graphics3d_8.9.8.202602271015/static/init.js (13)
[0606/170953.109:INFO:CONSOLE(13)] "Loaded: file:C:/Users/zacwy/Downloads/HTX_Technical_Test/SETUP_2/3d/person.dae", source: file:///C:/Program%20Files/AnyLogic%208.9%20Personal%20Learning%20Edition/plugins/com.anylogic.graphics3d_8.9.8.202602271015/static/init.js (13)
[0606/170953.120:INFO:CONSOLE(7)] "THREE.ColladaLoader: File version 1.4.0", source: file:///C:/Program%20Files/AnyLogic%208.9%20Personal%20Learning%20Edition/plugins/com.anylogic.graphics3d_8.9.8.202602271015/static/init.js (7)
[0606/170953.123:INFO:CONSOLE(13)] "Loaded: file:C:/Users/zacwy/Downloads/HTX_Technical_Test/SETUP_2/3d/suitcase_1.dae", source: file:///C:/Program%20Files/AnyLogic%208.9%20Personal%20Learning%20Edition/plugins/com.anylogic.graphics3d_8.9.8.202602271015/static/init.js (13)
[0606/170953.127:INFO:CONSOLE(13)] "Loaded: file:C:/Users/zacwy/Downloads/HTX_Technical_Test/SETUP_2/3d/suitcase_1.dae", source: file:///C:/Program%20Files/AnyLogic%208.9%20Personal%20Learning%20Edition/plugins/com.anylogic.graphics3d_8.9.8.202602271015/static/init.js (13)
[0606/171108.631:ERROR:gpu_init.cc(523)] Passthrough is not supported, GL is disabled, ANGLE is 
[0606/191729.607:INFO:CONSOLE(7)] "THREE.ColladaLoader: File version 1.4.0", source: file:///C:/Program%20Files/AnyLogic%208.9%20Personal%20Learning%20Edition/plugins/com.anylogic.graphics3d_8.9.8.202602271015/static/init.js (7)
[0606/191729.614:INFO:CONSOLE(13)] "Loaded: file:C:/Users/zacwy/Downloads/HTX_Technical_Test/SETUP_2/3d/detector.dae", source: file:///C:/Program%20Files/AnyLogic%208.9%20Personal%20Learning%20Edition/plugins/com.anylogic.graphics3d_8.9.8.202602271015/static/init.js (13)
[0606/191729.619:INFO:CONSOLE(13)] "Loaded: file:C:/Users/zacwy/Downloads/HTX_Technical_Test/SETUP_2/3d/detector.dae", source: file:///C:/Program%20Files/AnyLogic%208.9%20Personal%20Learning%20Edition/plugins/com.anylogic.graphics3d_8.9.8.202602271015/static/init.js (13)
[0606/191729.660:INFO:CONSOLE(7)] "THREE.ColladaLoader: File version 1.4.0", source: file:///C:/Program%20Files/AnyLogic%208.9%20Personal%20Learning%20Edition/plugins/com.anylogic.graphics3d_8.9.8.202602271015/static/init.js (7)
[0606/191729.665:INFO:CONSOLE(13)] "Loaded: file:C:/Users/zacwy/Downloads/HTX_Technical_Test/SETUP_2/3d/xray.dae", source: file:///C:/Program%20Files/AnyLogic%208.9%20Personal%20Learning%20Edition/plugins/com.anylogic.graphics3d_8.9.8.202602271015/static/init.js (13)
[0606/191729.667:INFO:CONSOLE(13)] "Loaded: file:C:/Users/zacwy/Downloads/HTX_Technical_Test/SETUP_2/3d/xray.dae", source: file:///C:/Program%20Files/AnyLogic%208.9%20Personal%20Learning%20Edition/plugins/com.anylogic.graphics3d_8.9.8.202602271015/static/init.js (13)
[0606/191729.843:INFO:CONSOLE(7)] "THREE.ColladaLoader: File version 1.4.0", source: file:///C:/Program%20Files/AnyLogic%208.9%20Personal%20Learning%20Edition/plugins/com.anylogic.graphics3d_8.9.8.202602271015/static/init.js (7)
[0606/191729.848:INFO:CONSOLE(13)] "Loaded: file:C:/Users/zacwy/Downloads/HTX_Technical_Test/SETUP_2/3d/turnstile_open.dae", source: file:///C:/Program%20Files/AnyLogic%208.9%20Personal%20Learning%20Edition/plugins/com.anylogic.graphics3d_8.9.8.202602271015/static/init.js (13)
[0606/191729.850:INFO:CONSOLE(13)] "Loaded: file:C:/Users/zacwy/Downloads/HTX_Technical_Test/SETUP_2/3d/turnstile_open.dae", source: file:///C:/Program%20Files/AnyLogic%208.9%20Personal%20Learning%20Edition/plugins/com.anylogic.graphics3d_8.9.8.202602271015/static/init.js (13)
[0606/191729.858:INFO:CONSOLE(7)] "THREE.ColladaLoader: File version 1.4.0", source: file:///C:/Program%20Files/AnyLogic%208.9%20Personal%20Learning%20Edition/plugins/com.anylogic.graphics3d_8.9.8.202602271015/static/init.js (7)
[0606/191729.860:INFO:CONSOLE(13)] "Loaded: file:C:/Users/zacwy/Downloads/HTX_Technical_Test/SETUP_2/3d/reseption_2.dae", source: file:///C:/Program%20Files/AnyLogic%208.9%20Personal%20Learning%20Edition/plugins/com.anylogic.graphics3d_8.9.8.202602271015/static/init.js (13)
[0606/191729.862:INFO:CONSOLE(13)] "Loaded: file:C:/Users/zacwy/Downloads/HTX_Technical_Test/SETUP_2/3d/reseption_2.dae", source: file:///C:/Program%20Files/AnyLogic%208.9%20Personal%20Learning%20Edition/plugins/com.anylogic.graphics3d_8.9.8.202602271015/static/init.js (13)
[0606/191729.868:INFO:CONSOLE(7)] "THREE.ColladaLoader: File version 1.4.0", source: file:///C:/Program%20Files/AnyLogic%208.9%20Personal%20Learning%20Edition/plugins/com.anylogic.graphics3d_8.9.8.202602271015/static/init.js (7)
[0606/191729.870:INFO:CONSOLE(13)] "Loaded: file:C:/Users/zacwy/Downloads/HTX_Technical_Test/SETUP_2/3d/monitor_on.dae", source: file:///C:/Program%20Files/AnyLogic%208.9%20Personal%20Learning%20Edition/plugins/com.anylogic.graphics3d_8.9.8.202602271015/static/init.js (13)
[0606/191729.872:INFO:CONSOLE(13)] "Loaded: file:C:/Users/zacwy/Downloads/HTX_Technical_Test/SETUP_2/3d/monitor_on.dae", source: file:///C:/Program%20Files/AnyLogic%208.9%20Personal%20Learning%20Edition/plugins/com.anylogic.graphics3d_8.9.8.202602271015/static/init.js (13)
[0606/191729.879:INFO:CONSOLE(7)] "THREE.ColladaLoader: File version 1.4.0", source: file:///C:/Program%20Files/AnyLogic%208.9%20Personal%20Learning%20Edition/plugins/com.anylogic.graphics3d_8.9.8.202602271015/static/init.js (7)
[0606/191729.880:INFO:CONSOLE(13)] "Loaded: file:C:/Users/zacwy/Downloads/HTX_Technical_Test/SETUP_2/3d/chair.dae", source: file:///C:/Program%20Files/AnyLogic%208.9%20Personal%20Learning%20Edition/plugins/com.anylogic.graphics3d_8.9.8.202602271015/static/init.js (13)
[0606/191729.882:INFO:CONSOLE(13)] "Loaded: file:C:/Users/zacwy/Downloads/HTX_Technical_Test/SETUP_2/3d/chair.dae", source: file:///C:/Program%20Files/AnyLogic%208.9%20Personal%20Learning%20Edition/plugins/com.anylogic.graphics3d_8.9.8.202602271015/static/init.js (13)
[0606/191729.891:INFO:CONSOLE(7)] "THREE.ColladaLoader: File version 1.4.0", source: file:///C:/Program%20Files/AnyLogic%208.9%20Personal%20Learning%20Edition/plugins/com.anylogic.graphics3d_8.9.8.202602271015/static/init.js (7)
[0606/191729.894:INFO:CONSOLE(13)] "Loaded: file:C:/Users/zacwy/Downloads/HTX_Technical_Test/SETUP_2/3d/table_3.dae", source: file:///C:/Program%20Files/AnyLogic%208.9%20Personal%20Learning%20Edition/plugins/com.anylogic.graphics3d_8.9.8.202602271015/static/init.js (13)
[0606/191729.896:INFO:CONSOLE(13)] "Loaded: file:C:/Users/zacwy/Downloads/HTX_Technical_Test/SETUP_2/3d/table_3.dae", source: file:///C:/Program%20Files/AnyLogic%208.9%20Personal%20Learning%20Edition/plugins/com.anylogic.graphics3d_8.9.8.202602271015/static/init.js (13)
[0606/191729.902:INFO:CONSOLE(7)] "THREE.ColladaLoader: File version 1.4.0", source: file:///C:/Program%20Files/AnyLogic%208.9%20Personal%20Learning%20Edition/plugins/com.anylogic.graphics3d_8.9.8.202602271015/static/init.js (7)
[0606/191729.908:INFO:CONSOLE(13)] "Loaded: file:C:/Users/zacwy/Downloads/HTX_Technical_Test/SETUP_2/3d/officeworker.dae", source: file:///C:/Program%20Files/AnyLogic%208.9%20Personal%20Learning%20Edition/plugins/com.anylogic.graphics3d_8.9.8.202602271015/static/init.js (13)
[0606/191729.910:INFO:CONSOLE(13)] "Loaded: file:C:/Users/zacwy/Downloads/HTX_Technical_Test/SETUP_2/3d/officeworker.dae", source: file:///C:/Program%20Files/AnyLogic%208.9%20Personal%20Learning%20Edition/plugins/com.anylogic.graphics3d_8.9.8.202602271015/static/init.js (13)
